 
****************************************
Report : hierarchy
        -full
Design : Modular_Inverse
Version: K-2015.06
Date   : Sat Oct 21 05:40:27 2023
****************************************

Modular_Inverse
    AND2X1M                             scmetro_tsmc_cl013g_rvt_ss_1p08v_125c
    AND2X2M                             scmetro_tsmc_cl013g_rvt_ss_1p08v_125c
    AND2X6M                             scmetro_tsmc_cl013g_rvt_ss_1p08v_125c
    AND2X12M                            scmetro_tsmc_cl013g_rvt_ss_1p08v_125c
    AND3X2M                             scmetro_tsmc_cl013g_rvt_ss_1p08v_125c
    AND3X4M                             scmetro_tsmc_cl013g_rvt_ss_1p08v_125c
    AND3X6M                             scmetro_tsmc_cl013g_rvt_ss_1p08v_125c
    AND3X8M                             scmetro_tsmc_cl013g_rvt_ss_1p08v_125c
    AND3X12M                            scmetro_tsmc_cl013g_rvt_ss_1p08v_125c
    AND4X2M                             scmetro_tsmc_cl013g_rvt_ss_1p08v_125c
    AND4XLM                             scmetro_tsmc_cl013g_rvt_ss_1p08v_125c
    AO21X8M                             scmetro_tsmc_cl013g_rvt_ss_1p08v_125c
    AO21XLM                             scmetro_tsmc_cl013g_rvt_ss_1p08v_125c
    AO22X1M                             scmetro_tsmc_cl013g_rvt_ss_1p08v_125c
    AO22X2M                             scmetro_tsmc_cl013g_rvt_ss_1p08v_125c
    AO22X4M                             scmetro_tsmc_cl013g_rvt_ss_1p08v_125c
    AO22X8M                             scmetro_tsmc_cl013g_rvt_ss_1p08v_125c
    AO22XLM                             scmetro_tsmc_cl013g_rvt_ss_1p08v_125c
    AOI2BB2X1M                          scmetro_tsmc_cl013g_rvt_ss_1p08v_125c
    AOI2BB2X2M                          scmetro_tsmc_cl013g_rvt_ss_1p08v_125c
    AOI2BB2X4M                          scmetro_tsmc_cl013g_rvt_ss_1p08v_125c
    AOI2BB2X8M                          scmetro_tsmc_cl013g_rvt_ss_1p08v_125c
    AOI22X1M                            scmetro_tsmc_cl013g_rvt_ss_1p08v_125c
    AOI22X4M                            scmetro_tsmc_cl013g_rvt_ss_1p08v_125c
    AOI31X1M                            scmetro_tsmc_cl013g_rvt_ss_1p08v_125c
    AOI222X2M                           scmetro_tsmc_cl013g_rvt_ss_1p08v_125c
    AOI222X4M                           scmetro_tsmc_cl013g_rvt_ss_1p08v_125c
    BUFX2M                              scmetro_tsmc_cl013g_rvt_ss_1p08v_125c
    BUFX4M                              scmetro_tsmc_cl013g_rvt_ss_1p08v_125c
    BUFX5M                              scmetro_tsmc_cl013g_rvt_ss_1p08v_125c
    BUFX6M                              scmetro_tsmc_cl013g_rvt_ss_1p08v_125c
    BUFX8M                              scmetro_tsmc_cl013g_rvt_ss_1p08v_125c
    BUFX10M                             scmetro_tsmc_cl013g_rvt_ss_1p08v_125c
    BUFX12M                             scmetro_tsmc_cl013g_rvt_ss_1p08v_125c
    BUFX14M                             scmetro_tsmc_cl013g_rvt_ss_1p08v_125c
    BUFX16M                             scmetro_tsmc_cl013g_rvt_ss_1p08v_125c
    BUFX20M                             scmetro_tsmc_cl013g_rvt_ss_1p08v_125c
    BUFX24M                             scmetro_tsmc_cl013g_rvt_ss_1p08v_125c
    BUFX32M                             scmetro_tsmc_cl013g_rvt_ss_1p08v_125c
    CLKAND2X2M                          scmetro_tsmc_cl013g_rvt_ss_1p08v_125c
    CLKAND2X4M                          scmetro_tsmc_cl013g_rvt_ss_1p08v_125c
    CLKAND2X6M                          scmetro_tsmc_cl013g_rvt_ss_1p08v_125c
    CLKAND2X12M                         scmetro_tsmc_cl013g_rvt_ss_1p08v_125c
    CLKAND2X16M                         scmetro_tsmc_cl013g_rvt_ss_1p08v_125c
    CLKBUFX2M                           scmetro_tsmc_cl013g_rvt_ss_1p08v_125c
    CLKBUFX3M                           scmetro_tsmc_cl013g_rvt_ss_1p08v_125c
    CLKBUFX4M                           scmetro_tsmc_cl013g_rvt_ss_1p08v_125c
    CLKBUFX6M                           scmetro_tsmc_cl013g_rvt_ss_1p08v_125c
    CLKBUFX8M                           scmetro_tsmc_cl013g_rvt_ss_1p08v_125c
    CLKBUFX12M                          scmetro_tsmc_cl013g_rvt_ss_1p08v_125c
    CLKBUFX16M                          scmetro_tsmc_cl013g_rvt_ss_1p08v_125c
    CLKBUFX20M                          scmetro_tsmc_cl013g_rvt_ss_1p08v_125c
    CLKBUFX32M                          scmetro_tsmc_cl013g_rvt_ss_1p08v_125c
    CLKBUFX40M                          scmetro_tsmc_cl013g_rvt_ss_1p08v_125c
    CLKINVX1M                           scmetro_tsmc_cl013g_rvt_ss_1p08v_125c
    CLKINVX2M                           scmetro_tsmc_cl013g_rvt_ss_1p08v_125c
    CLKINVX6M                           scmetro_tsmc_cl013g_rvt_ss_1p08v_125c
    CLKINVX8M                           scmetro_tsmc_cl013g_rvt_ss_1p08v_125c
    CLKINVX12M                          scmetro_tsmc_cl013g_rvt_ss_1p08v_125c
    CLKINVX32M                          scmetro_tsmc_cl013g_rvt_ss_1p08v_125c
    CLKINVX40M                          scmetro_tsmc_cl013g_rvt_ss_1p08v_125c
    CLKNAND2X2M                         scmetro_tsmc_cl013g_rvt_ss_1p08v_125c
    CLKNAND2X16M                        scmetro_tsmc_cl013g_rvt_ss_1p08v_125c
    DFFHQX4M                            scmetro_tsmc_cl013g_rvt_ss_1p08v_125c
    DFFHQX8M                            scmetro_tsmc_cl013g_rvt_ss_1p08v_125c
    DFFQNX2M                            scmetro_tsmc_cl013g_rvt_ss_1p08v_125c
    DFFQX1M                             scmetro_tsmc_cl013g_rvt_ss_1p08v_125c
    DFFQX2M                             scmetro_tsmc_cl013g_rvt_ss_1p08v_125c
    DFFQX4M                             scmetro_tsmc_cl013g_rvt_ss_1p08v_125c
    DFFRQX1M                            scmetro_tsmc_cl013g_rvt_ss_1p08v_125c
    DFFRQX2M                            scmetro_tsmc_cl013g_rvt_ss_1p08v_125c
    DFFRX1M                             scmetro_tsmc_cl013g_rvt_ss_1p08v_125c
    INVX1M                              scmetro_tsmc_cl013g_rvt_ss_1p08v_125c
    INVX2M                              scmetro_tsmc_cl013g_rvt_ss_1p08v_125c
    INVX4M                              scmetro_tsmc_cl013g_rvt_ss_1p08v_125c
    INVX6M                              scmetro_tsmc_cl013g_rvt_ss_1p08v_125c
    INVX8M                              scmetro_tsmc_cl013g_rvt_ss_1p08v_125c
    INVX10M                             scmetro_tsmc_cl013g_rvt_ss_1p08v_125c
    INVX12M                             scmetro_tsmc_cl013g_rvt_ss_1p08v_125c
    INVX20M                             scmetro_tsmc_cl013g_rvt_ss_1p08v_125c
    INVX24M                             scmetro_tsmc_cl013g_rvt_ss_1p08v_125c
    INVXLM                              scmetro_tsmc_cl013g_rvt_ss_1p08v_125c
    MX2XLM                              scmetro_tsmc_cl013g_rvt_ss_1p08v_125c
    Modular_Inverse_DW01_add_4
        AND2X1M                         scmetro_tsmc_cl013g_rvt_ss_1p08v_125c
        AND2X2M                         scmetro_tsmc_cl013g_rvt_ss_1p08v_125c
        AND2X4M                         scmetro_tsmc_cl013g_rvt_ss_1p08v_125c
        AND2X6M                         scmetro_tsmc_cl013g_rvt_ss_1p08v_125c
        AND2X8M                         scmetro_tsmc_cl013g_rvt_ss_1p08v_125c
        AND2X12M                        scmetro_tsmc_cl013g_rvt_ss_1p08v_125c
        AND3X6M                         scmetro_tsmc_cl013g_rvt_ss_1p08v_125c
        AND4X1M                         scmetro_tsmc_cl013g_rvt_ss_1p08v_125c
        AND4X2M                         scmetro_tsmc_cl013g_rvt_ss_1p08v_125c
        AND4X4M                         scmetro_tsmc_cl013g_rvt_ss_1p08v_125c
        AND4X6M                         scmetro_tsmc_cl013g_rvt_ss_1p08v_125c
        AND4X8M                         scmetro_tsmc_cl013g_rvt_ss_1p08v_125c
        AND4X12M                        scmetro_tsmc_cl013g_rvt_ss_1p08v_125c
        AO21X2M                         scmetro_tsmc_cl013g_rvt_ss_1p08v_125c
        AO21X4M                         scmetro_tsmc_cl013g_rvt_ss_1p08v_125c
        AO21X8M                         scmetro_tsmc_cl013g_rvt_ss_1p08v_125c
        AOI2B1X1M                       scmetro_tsmc_cl013g_rvt_ss_1p08v_125c
        AOI2B1X4M                       scmetro_tsmc_cl013g_rvt_ss_1p08v_125c
        AOI2B1X8M                       scmetro_tsmc_cl013g_rvt_ss_1p08v_125c
        AOI21BX2M                       scmetro_tsmc_cl013g_rvt_ss_1p08v_125c
        AOI21BX8M                       scmetro_tsmc_cl013g_rvt_ss_1p08v_125c
        AOI21X1M                        scmetro_tsmc_cl013g_rvt_ss_1p08v_125c
        AOI21X2M                        scmetro_tsmc_cl013g_rvt_ss_1p08v_125c
        AOI21X4M                        scmetro_tsmc_cl013g_rvt_ss_1p08v_125c
        AOI21X8M                        scmetro_tsmc_cl013g_rvt_ss_1p08v_125c
        BUFX2M                          scmetro_tsmc_cl013g_rvt_ss_1p08v_125c
        BUFX4M                          scmetro_tsmc_cl013g_rvt_ss_1p08v_125c
        BUFX6M                          scmetro_tsmc_cl013g_rvt_ss_1p08v_125c
        BUFX10M                         scmetro_tsmc_cl013g_rvt_ss_1p08v_125c
        BUFX12M                         scmetro_tsmc_cl013g_rvt_ss_1p08v_125c
        BUFX16M                         scmetro_tsmc_cl013g_rvt_ss_1p08v_125c
        BUFX20M                         scmetro_tsmc_cl013g_rvt_ss_1p08v_125c
        BUFX24M                         scmetro_tsmc_cl013g_rvt_ss_1p08v_125c
        BUFX32M                         scmetro_tsmc_cl013g_rvt_ss_1p08v_125c
        CLKAND2X2M                      scmetro_tsmc_cl013g_rvt_ss_1p08v_125c
        CLKAND2X4M                      scmetro_tsmc_cl013g_rvt_ss_1p08v_125c
        CLKAND2X6M                      scmetro_tsmc_cl013g_rvt_ss_1p08v_125c
        CLKAND2X12M                     scmetro_tsmc_cl013g_rvt_ss_1p08v_125c
        CLKAND2X16M                     scmetro_tsmc_cl013g_rvt_ss_1p08v_125c
        CLKINVX1M                       scmetro_tsmc_cl013g_rvt_ss_1p08v_125c
        CLKINVX3M                       scmetro_tsmc_cl013g_rvt_ss_1p08v_125c
        CLKINVX4M                       scmetro_tsmc_cl013g_rvt_ss_1p08v_125c
        CLKINVX6M                       scmetro_tsmc_cl013g_rvt_ss_1p08v_125c
        CLKINVX8M                       scmetro_tsmc_cl013g_rvt_ss_1p08v_125c
        CLKINVX12M                      scmetro_tsmc_cl013g_rvt_ss_1p08v_125c
        CLKINVX16M                      scmetro_tsmc_cl013g_rvt_ss_1p08v_125c
        CLKINVX20M                      scmetro_tsmc_cl013g_rvt_ss_1p08v_125c
        CLKINVX24M                      scmetro_tsmc_cl013g_rvt_ss_1p08v_125c
        CLKINVX32M                      scmetro_tsmc_cl013g_rvt_ss_1p08v_125c
        CLKINVX40M                      scmetro_tsmc_cl013g_rvt_ss_1p08v_125c
        CLKNAND2X2M                     scmetro_tsmc_cl013g_rvt_ss_1p08v_125c
        CLKNAND2X4M                     scmetro_tsmc_cl013g_rvt_ss_1p08v_125c
        CLKNAND2X8M                     scmetro_tsmc_cl013g_rvt_ss_1p08v_125c
        CLKNAND2X12M                    scmetro_tsmc_cl013g_rvt_ss_1p08v_125c
        CLKNAND2X16M                    scmetro_tsmc_cl013g_rvt_ss_1p08v_125c
        CLKXOR2X2M                      scmetro_tsmc_cl013g_rvt_ss_1p08v_125c
        CLKXOR2X4M                      scmetro_tsmc_cl013g_rvt_ss_1p08v_125c
        CLKXOR2X8M                      scmetro_tsmc_cl013g_rvt_ss_1p08v_125c
        CLKXOR2X12M                     scmetro_tsmc_cl013g_rvt_ss_1p08v_125c
        CLKXOR2X16M                     scmetro_tsmc_cl013g_rvt_ss_1p08v_125c
        INVX1M                          scmetro_tsmc_cl013g_rvt_ss_1p08v_125c
        INVX2M                          scmetro_tsmc_cl013g_rvt_ss_1p08v_125c
        INVX3M                          scmetro_tsmc_cl013g_rvt_ss_1p08v_125c
        INVX4M                          scmetro_tsmc_cl013g_rvt_ss_1p08v_125c
        INVX5M                          scmetro_tsmc_cl013g_rvt_ss_1p08v_125c
        INVX6M                          scmetro_tsmc_cl013g_rvt_ss_1p08v_125c
        INVX8M                          scmetro_tsmc_cl013g_rvt_ss_1p08v_125c
        INVX10M                         scmetro_tsmc_cl013g_rvt_ss_1p08v_125c
        INVX12M                         scmetro_tsmc_cl013g_rvt_ss_1p08v_125c
        INVX16M                         scmetro_tsmc_cl013g_rvt_ss_1p08v_125c
        INVX20M                         scmetro_tsmc_cl013g_rvt_ss_1p08v_125c
        INVX24M                         scmetro_tsmc_cl013g_rvt_ss_1p08v_125c
        INVXLM                          scmetro_tsmc_cl013g_rvt_ss_1p08v_125c
        MXI2X12M                        scmetro_tsmc_cl013g_rvt_ss_1p08v_125c
        NAND2BX2M                       scmetro_tsmc_cl013g_rvt_ss_1p08v_125c
        NAND2BX4M                       scmetro_tsmc_cl013g_rvt_ss_1p08v_125c
        NAND2BX8M                       scmetro_tsmc_cl013g_rvt_ss_1p08v_125c
        NAND2BX12M                      scmetro_tsmc_cl013g_rvt_ss_1p08v_125c
        NAND2BXLM                       scmetro_tsmc_cl013g_rvt_ss_1p08v_125c
        NAND2X1M                        scmetro_tsmc_cl013g_rvt_ss_1p08v_125c
        NAND2X2M                        scmetro_tsmc_cl013g_rvt_ss_1p08v_125c
        NAND2X3M                        scmetro_tsmc_cl013g_rvt_ss_1p08v_125c
        NAND2X4M                        scmetro_tsmc_cl013g_rvt_ss_1p08v_125c
        NAND2X5M                        scmetro_tsmc_cl013g_rvt_ss_1p08v_125c
        NAND2X6M                        scmetro_tsmc_cl013g_rvt_ss_1p08v_125c
        NAND2X8M                        scmetro_tsmc_cl013g_rvt_ss_1p08v_125c
        NAND2X12M                       scmetro_tsmc_cl013g_rvt_ss_1p08v_125c
        NAND2XLM                        scmetro_tsmc_cl013g_rvt_ss_1p08v_125c
        NAND3X2M                        scmetro_tsmc_cl013g_rvt_ss_1p08v_125c
        NAND3X3M                        scmetro_tsmc_cl013g_rvt_ss_1p08v_125c
        NAND3X4M                        scmetro_tsmc_cl013g_rvt_ss_1p08v_125c
        NAND3X6M                        scmetro_tsmc_cl013g_rvt_ss_1p08v_125c
        NAND3X8M                        scmetro_tsmc_cl013g_rvt_ss_1p08v_125c
        NAND3X12M                       scmetro_tsmc_cl013g_rvt_ss_1p08v_125c
        NAND3XLM                        scmetro_tsmc_cl013g_rvt_ss_1p08v_125c
        NAND4BX4M                       scmetro_tsmc_cl013g_rvt_ss_1p08v_125c
        NAND4X1M                        scmetro_tsmc_cl013g_rvt_ss_1p08v_125c
        NAND4X2M                        scmetro_tsmc_cl013g_rvt_ss_1p08v_125c
        NAND4X4M                        scmetro_tsmc_cl013g_rvt_ss_1p08v_125c
        NAND4X6M                        scmetro_tsmc_cl013g_rvt_ss_1p08v_125c
        NAND4X8M                        scmetro_tsmc_cl013g_rvt_ss_1p08v_125c
        NAND4X12M                       scmetro_tsmc_cl013g_rvt_ss_1p08v_125c
        NOR2BX1M                        scmetro_tsmc_cl013g_rvt_ss_1p08v_125c
        NOR2BX4M                        scmetro_tsmc_cl013g_rvt_ss_1p08v_125c
        NOR2BX8M                        scmetro_tsmc_cl013g_rvt_ss_1p08v_125c
        NOR2BX12M                       scmetro_tsmc_cl013g_rvt_ss_1p08v_125c
        NOR2X1M                         scmetro_tsmc_cl013g_rvt_ss_1p08v_125c
        NOR2X2M                         scmetro_tsmc_cl013g_rvt_ss_1p08v_125c
        NOR2X3M                         scmetro_tsmc_cl013g_rvt_ss_1p08v_125c
        NOR2X4M                         scmetro_tsmc_cl013g_rvt_ss_1p08v_125c
        NOR2X5M                         scmetro_tsmc_cl013g_rvt_ss_1p08v_125c
        NOR2X6M                         scmetro_tsmc_cl013g_rvt_ss_1p08v_125c
        NOR2X8M                         scmetro_tsmc_cl013g_rvt_ss_1p08v_125c
        NOR2X12M                        scmetro_tsmc_cl013g_rvt_ss_1p08v_125c
        OA21X8M                         scmetro_tsmc_cl013g_rvt_ss_1p08v_125c
        OAI2B1X2M                       scmetro_tsmc_cl013g_rvt_ss_1p08v_125c
        OAI2B1X4M                       scmetro_tsmc_cl013g_rvt_ss_1p08v_125c
        OAI2B1X8M                       scmetro_tsmc_cl013g_rvt_ss_1p08v_125c
        OAI2BB1X2M                      scmetro_tsmc_cl013g_rvt_ss_1p08v_125c
        OAI2BB1X4M                      scmetro_tsmc_cl013g_rvt_ss_1p08v_125c
        OAI21BX1M                       scmetro_tsmc_cl013g_rvt_ss_1p08v_125c
        OAI21X1M                        scmetro_tsmc_cl013g_rvt_ss_1p08v_125c
        OAI21X2M                        scmetro_tsmc_cl013g_rvt_ss_1p08v_125c
        OAI21X4M                        scmetro_tsmc_cl013g_rvt_ss_1p08v_125c
        OAI21X6M                        scmetro_tsmc_cl013g_rvt_ss_1p08v_125c
        OAI21X8M                        scmetro_tsmc_cl013g_rvt_ss_1p08v_125c
        OAI22X8M                        scmetro_tsmc_cl013g_rvt_ss_1p08v_125c
        OAI211X2M                       scmetro_tsmc_cl013g_rvt_ss_1p08v_125c
        OR2X1M                          scmetro_tsmc_cl013g_rvt_ss_1p08v_125c
        OR2X2M                          scmetro_tsmc_cl013g_rvt_ss_1p08v_125c
        OR2X4M                          scmetro_tsmc_cl013g_rvt_ss_1p08v_125c
        OR2X6M                          scmetro_tsmc_cl013g_rvt_ss_1p08v_125c
        OR2X8M                          scmetro_tsmc_cl013g_rvt_ss_1p08v_125c
        OR2X12M                         scmetro_tsmc_cl013g_rvt_ss_1p08v_125c
        OR3X12M                         scmetro_tsmc_cl013g_rvt_ss_1p08v_125c
        XNOR2X2M                        scmetro_tsmc_cl013g_rvt_ss_1p08v_125c
        XNOR2X4M                        scmetro_tsmc_cl013g_rvt_ss_1p08v_125c
        XNOR2X8M                        scmetro_tsmc_cl013g_rvt_ss_1p08v_125c
        XOR2X2M                         scmetro_tsmc_cl013g_rvt_ss_1p08v_125c
        XOR2X3M                         scmetro_tsmc_cl013g_rvt_ss_1p08v_125c
        XOR2X4M                         scmetro_tsmc_cl013g_rvt_ss_1p08v_125c
        XOR2X8M                         scmetro_tsmc_cl013g_rvt_ss_1p08v_125c
    Modular_Inverse_DW01_add_5
        AND2X1M                         scmetro_tsmc_cl013g_rvt_ss_1p08v_125c
        AND2X2M                         scmetro_tsmc_cl013g_rvt_ss_1p08v_125c
        AND2X4M                         scmetro_tsmc_cl013g_rvt_ss_1p08v_125c
        AND2X6M                         scmetro_tsmc_cl013g_rvt_ss_1p08v_125c
        AND2X8M                         scmetro_tsmc_cl013g_rvt_ss_1p08v_125c
        AND2X12M                        scmetro_tsmc_cl013g_rvt_ss_1p08v_125c
        AND3X2M                         scmetro_tsmc_cl013g_rvt_ss_1p08v_125c
        AND3X4M                         scmetro_tsmc_cl013g_rvt_ss_1p08v_125c
        AND3X6M                         scmetro_tsmc_cl013g_rvt_ss_1p08v_125c
        AND3X12M                        scmetro_tsmc_cl013g_rvt_ss_1p08v_125c
        AND4X1M                         scmetro_tsmc_cl013g_rvt_ss_1p08v_125c
        AND4X2M                         scmetro_tsmc_cl013g_rvt_ss_1p08v_125c
        AND4X4M                         scmetro_tsmc_cl013g_rvt_ss_1p08v_125c
        AND4X6M                         scmetro_tsmc_cl013g_rvt_ss_1p08v_125c
        AND4X8M                         scmetro_tsmc_cl013g_rvt_ss_1p08v_125c
        AND4X12M                        scmetro_tsmc_cl013g_rvt_ss_1p08v_125c
        AND4XLM                         scmetro_tsmc_cl013g_rvt_ss_1p08v_125c
        AO21X2M                         scmetro_tsmc_cl013g_rvt_ss_1p08v_125c
        AO21X4M                         scmetro_tsmc_cl013g_rvt_ss_1p08v_125c
        AO21X8M                         scmetro_tsmc_cl013g_rvt_ss_1p08v_125c
        AO21XLM                         scmetro_tsmc_cl013g_rvt_ss_1p08v_125c
        AOI2B1X1M                       scmetro_tsmc_cl013g_rvt_ss_1p08v_125c
        AOI2B1X2M                       scmetro_tsmc_cl013g_rvt_ss_1p08v_125c
        AOI2B1X4M                       scmetro_tsmc_cl013g_rvt_ss_1p08v_125c
        AOI2B1X8M                       scmetro_tsmc_cl013g_rvt_ss_1p08v_125c
        AOI21BX2M                       scmetro_tsmc_cl013g_rvt_ss_1p08v_125c
        AOI21BX4M                       scmetro_tsmc_cl013g_rvt_ss_1p08v_125c
        AOI21BX8M                       scmetro_tsmc_cl013g_rvt_ss_1p08v_125c
        AOI21X1M                        scmetro_tsmc_cl013g_rvt_ss_1p08v_125c
        AOI21X2M                        scmetro_tsmc_cl013g_rvt_ss_1p08v_125c
        AOI21X4M                        scmetro_tsmc_cl013g_rvt_ss_1p08v_125c
        AOI21X6M                        scmetro_tsmc_cl013g_rvt_ss_1p08v_125c
        AOI21X8M                        scmetro_tsmc_cl013g_rvt_ss_1p08v_125c
        BUFX2M                          scmetro_tsmc_cl013g_rvt_ss_1p08v_125c
        BUFX6M                          scmetro_tsmc_cl013g_rvt_ss_1p08v_125c
        BUFX8M                          scmetro_tsmc_cl013g_rvt_ss_1p08v_125c
        BUFX10M                         scmetro_tsmc_cl013g_rvt_ss_1p08v_125c
        BUFX14M                         scmetro_tsmc_cl013g_rvt_ss_1p08v_125c
        BUFX16M                         scmetro_tsmc_cl013g_rvt_ss_1p08v_125c
        BUFX18M                         scmetro_tsmc_cl013g_rvt_ss_1p08v_125c
        BUFX20M                         scmetro_tsmc_cl013g_rvt_ss_1p08v_125c
        BUFX24M                         scmetro_tsmc_cl013g_rvt_ss_1p08v_125c
        BUFX32M                         scmetro_tsmc_cl013g_rvt_ss_1p08v_125c
        CLKAND2X2M                      scmetro_tsmc_cl013g_rvt_ss_1p08v_125c
        CLKAND2X4M                      scmetro_tsmc_cl013g_rvt_ss_1p08v_125c
        CLKAND2X6M                      scmetro_tsmc_cl013g_rvt_ss_1p08v_125c
        CLKAND2X12M                     scmetro_tsmc_cl013g_rvt_ss_1p08v_125c
        CLKAND2X16M                     scmetro_tsmc_cl013g_rvt_ss_1p08v_125c
        CLKBUFX20M                      scmetro_tsmc_cl013g_rvt_ss_1p08v_125c
        CLKINVX1M                       scmetro_tsmc_cl013g_rvt_ss_1p08v_125c
        CLKINVX2M                       scmetro_tsmc_cl013g_rvt_ss_1p08v_125c
        CLKINVX3M                       scmetro_tsmc_cl013g_rvt_ss_1p08v_125c
        CLKINVX4M                       scmetro_tsmc_cl013g_rvt_ss_1p08v_125c
        CLKINVX6M                       scmetro_tsmc_cl013g_rvt_ss_1p08v_125c
        CLKINVX8M                       scmetro_tsmc_cl013g_rvt_ss_1p08v_125c
        CLKINVX12M                      scmetro_tsmc_cl013g_rvt_ss_1p08v_125c
        CLKINVX16M                      scmetro_tsmc_cl013g_rvt_ss_1p08v_125c
        CLKINVX20M                      scmetro_tsmc_cl013g_rvt_ss_1p08v_125c
        CLKINVX24M                      scmetro_tsmc_cl013g_rvt_ss_1p08v_125c
        CLKINVX32M                      scmetro_tsmc_cl013g_rvt_ss_1p08v_125c
        CLKNAND2X2M                     scmetro_tsmc_cl013g_rvt_ss_1p08v_125c
        CLKNAND2X4M                     scmetro_tsmc_cl013g_rvt_ss_1p08v_125c
        CLKNAND2X8M                     scmetro_tsmc_cl013g_rvt_ss_1p08v_125c
        CLKNAND2X12M                    scmetro_tsmc_cl013g_rvt_ss_1p08v_125c
        CLKNAND2X16M                    scmetro_tsmc_cl013g_rvt_ss_1p08v_125c
        CLKXOR2X2M                      scmetro_tsmc_cl013g_rvt_ss_1p08v_125c
        CLKXOR2X4M                      scmetro_tsmc_cl013g_rvt_ss_1p08v_125c
        CLKXOR2X8M                      scmetro_tsmc_cl013g_rvt_ss_1p08v_125c
        CLKXOR2X12M                     scmetro_tsmc_cl013g_rvt_ss_1p08v_125c
        CLKXOR2X16M                     scmetro_tsmc_cl013g_rvt_ss_1p08v_125c
        DLY1X1M                         scmetro_tsmc_cl013g_rvt_ss_1p08v_125c
        INVX1M                          scmetro_tsmc_cl013g_rvt_ss_1p08v_125c
        INVX2M                          scmetro_tsmc_cl013g_rvt_ss_1p08v_125c
        INVX4M                          scmetro_tsmc_cl013g_rvt_ss_1p08v_125c
        INVX5M                          scmetro_tsmc_cl013g_rvt_ss_1p08v_125c
        INVX6M                          scmetro_tsmc_cl013g_rvt_ss_1p08v_125c
        INVX8M                          scmetro_tsmc_cl013g_rvt_ss_1p08v_125c
        INVX10M                         scmetro_tsmc_cl013g_rvt_ss_1p08v_125c
        INVX12M                         scmetro_tsmc_cl013g_rvt_ss_1p08v_125c
        INVX14M                         scmetro_tsmc_cl013g_rvt_ss_1p08v_125c
        INVX16M                         scmetro_tsmc_cl013g_rvt_ss_1p08v_125c
        INVX20M                         scmetro_tsmc_cl013g_rvt_ss_1p08v_125c
        INVX24M                         scmetro_tsmc_cl013g_rvt_ss_1p08v_125c
        INVX32M                         scmetro_tsmc_cl013g_rvt_ss_1p08v_125c
        INVXLM                          scmetro_tsmc_cl013g_rvt_ss_1p08v_125c
        MXI2X12M                        scmetro_tsmc_cl013g_rvt_ss_1p08v_125c
        NAND2BX2M                       scmetro_tsmc_cl013g_rvt_ss_1p08v_125c
        NAND2BX4M                       scmetro_tsmc_cl013g_rvt_ss_1p08v_125c
        NAND2BX8M                       scmetro_tsmc_cl013g_rvt_ss_1p08v_125c
        NAND2BX12M                      scmetro_tsmc_cl013g_rvt_ss_1p08v_125c
        NAND2X1M                        scmetro_tsmc_cl013g_rvt_ss_1p08v_125c
        NAND2X2M                        scmetro_tsmc_cl013g_rvt_ss_1p08v_125c
        NAND2X3M                        scmetro_tsmc_cl013g_rvt_ss_1p08v_125c
        NAND2X4M                        scmetro_tsmc_cl013g_rvt_ss_1p08v_125c
        NAND2X5M                        scmetro_tsmc_cl013g_rvt_ss_1p08v_125c
        NAND2X6M                        scmetro_tsmc_cl013g_rvt_ss_1p08v_125c
        NAND2X8M                        scmetro_tsmc_cl013g_rvt_ss_1p08v_125c
        NAND2X12M                       scmetro_tsmc_cl013g_rvt_ss_1p08v_125c
        NAND2XLM                        scmetro_tsmc_cl013g_rvt_ss_1p08v_125c
        NAND3X2M                        scmetro_tsmc_cl013g_rvt_ss_1p08v_125c
        NAND3X3M                        scmetro_tsmc_cl013g_rvt_ss_1p08v_125c
        NAND3X4M                        scmetro_tsmc_cl013g_rvt_ss_1p08v_125c
        NAND3X6M                        scmetro_tsmc_cl013g_rvt_ss_1p08v_125c
        NAND3X12M                       scmetro_tsmc_cl013g_rvt_ss_1p08v_125c
        NAND3XLM                        scmetro_tsmc_cl013g_rvt_ss_1p08v_125c
        NAND4X2M                        scmetro_tsmc_cl013g_rvt_ss_1p08v_125c
        NAND4X4M                        scmetro_tsmc_cl013g_rvt_ss_1p08v_125c
        NAND4X6M                        scmetro_tsmc_cl013g_rvt_ss_1p08v_125c
        NAND4X8M                        scmetro_tsmc_cl013g_rvt_ss_1p08v_125c
        NAND4X12M                       scmetro_tsmc_cl013g_rvt_ss_1p08v_125c
        NOR2BX4M                        scmetro_tsmc_cl013g_rvt_ss_1p08v_125c
        NOR2BX8M                        scmetro_tsmc_cl013g_rvt_ss_1p08v_125c
        NOR2BX12M                       scmetro_tsmc_cl013g_rvt_ss_1p08v_125c
        NOR2X1M                         scmetro_tsmc_cl013g_rvt_ss_1p08v_125c
        NOR2X2M                         scmetro_tsmc_cl013g_rvt_ss_1p08v_125c
        NOR2X3M                         scmetro_tsmc_cl013g_rvt_ss_1p08v_125c
        NOR2X4M                         scmetro_tsmc_cl013g_rvt_ss_1p08v_125c
        NOR2X5M                         scmetro_tsmc_cl013g_rvt_ss_1p08v_125c
        NOR2X6M                         scmetro_tsmc_cl013g_rvt_ss_1p08v_125c
        NOR2X8M                         scmetro_tsmc_cl013g_rvt_ss_1p08v_125c
        NOR2X12M                        scmetro_tsmc_cl013g_rvt_ss_1p08v_125c
        OA21X8M                         scmetro_tsmc_cl013g_rvt_ss_1p08v_125c
        OAI2B1X2M                       scmetro_tsmc_cl013g_rvt_ss_1p08v_125c
        OAI2B1X4M                       scmetro_tsmc_cl013g_rvt_ss_1p08v_125c
        OAI2B1X8M                       scmetro_tsmc_cl013g_rvt_ss_1p08v_125c
        OAI2B2X8M                       scmetro_tsmc_cl013g_rvt_ss_1p08v_125c
        OAI2BB1X2M                      scmetro_tsmc_cl013g_rvt_ss_1p08v_125c
        OAI2BB1X4M                      scmetro_tsmc_cl013g_rvt_ss_1p08v_125c
        OAI21BX1M                       scmetro_tsmc_cl013g_rvt_ss_1p08v_125c
        OAI21BX8M                       scmetro_tsmc_cl013g_rvt_ss_1p08v_125c
        OAI21X2M                        scmetro_tsmc_cl013g_rvt_ss_1p08v_125c
        OAI21X6M                        scmetro_tsmc_cl013g_rvt_ss_1p08v_125c
        OAI21X8M                        scmetro_tsmc_cl013g_rvt_ss_1p08v_125c
        OAI211X2M                       scmetro_tsmc_cl013g_rvt_ss_1p08v_125c
        OR2X1M                          scmetro_tsmc_cl013g_rvt_ss_1p08v_125c
        OR2X2M                          scmetro_tsmc_cl013g_rvt_ss_1p08v_125c
        OR2X4M                          scmetro_tsmc_cl013g_rvt_ss_1p08v_125c
        OR2X6M                          scmetro_tsmc_cl013g_rvt_ss_1p08v_125c
        OR2X8M                          scmetro_tsmc_cl013g_rvt_ss_1p08v_125c
        OR2X12M                         scmetro_tsmc_cl013g_rvt_ss_1p08v_125c
        XNOR2X2M                        scmetro_tsmc_cl013g_rvt_ss_1p08v_125c
        XNOR2X4M                        scmetro_tsmc_cl013g_rvt_ss_1p08v_125c
        XNOR2X8M                        scmetro_tsmc_cl013g_rvt_ss_1p08v_125c
        XOR2X1M                         scmetro_tsmc_cl013g_rvt_ss_1p08v_125c
        XOR2X2M                         scmetro_tsmc_cl013g_rvt_ss_1p08v_125c
        XOR2X3M                         scmetro_tsmc_cl013g_rvt_ss_1p08v_125c
        XOR2X4M                         scmetro_tsmc_cl013g_rvt_ss_1p08v_125c
        XOR2X8M                         scmetro_tsmc_cl013g_rvt_ss_1p08v_125c
    Modular_Inverse_DW01_sub_8
        AND3X2M                         scmetro_tsmc_cl013g_rvt_ss_1p08v_125c
        AND3X4M                         scmetro_tsmc_cl013g_rvt_ss_1p08v_125c
        AND4X1M                         scmetro_tsmc_cl013g_rvt_ss_1p08v_125c
        AND4X2M                         scmetro_tsmc_cl013g_rvt_ss_1p08v_125c
        AND4XLM                         scmetro_tsmc_cl013g_rvt_ss_1p08v_125c
        AO21XLM                         scmetro_tsmc_cl013g_rvt_ss_1p08v_125c
        AOI2B1X1M                       scmetro_tsmc_cl013g_rvt_ss_1p08v_125c
        AOI2B1X2M                       scmetro_tsmc_cl013g_rvt_ss_1p08v_125c
        AOI2B1X4M                       scmetro_tsmc_cl013g_rvt_ss_1p08v_125c
        AOI2B1X8M                       scmetro_tsmc_cl013g_rvt_ss_1p08v_125c
        AOI2BB1X1M                      scmetro_tsmc_cl013g_rvt_ss_1p08v_125c
        AOI2BB1X2M                      scmetro_tsmc_cl013g_rvt_ss_1p08v_125c
        AOI2BB1X4M                      scmetro_tsmc_cl013g_rvt_ss_1p08v_125c
        AOI2BB1X8M                      scmetro_tsmc_cl013g_rvt_ss_1p08v_125c
        AOI2BB2X8M                      scmetro_tsmc_cl013g_rvt_ss_1p08v_125c
        AOI21BX1M                       scmetro_tsmc_cl013g_rvt_ss_1p08v_125c
        AOI21BX2M                       scmetro_tsmc_cl013g_rvt_ss_1p08v_125c
        AOI21BX8M                       scmetro_tsmc_cl013g_rvt_ss_1p08v_125c
        AOI21X2M                        scmetro_tsmc_cl013g_rvt_ss_1p08v_125c
        AOI21X4M                        scmetro_tsmc_cl013g_rvt_ss_1p08v_125c
        CLKINVX1M                       scmetro_tsmc_cl013g_rvt_ss_1p08v_125c
        CLKINVX2M                       scmetro_tsmc_cl013g_rvt_ss_1p08v_125c
        CLKINVX8M                       scmetro_tsmc_cl013g_rvt_ss_1p08v_125c
        INVX1M                          scmetro_tsmc_cl013g_rvt_ss_1p08v_125c
        INVX2M                          scmetro_tsmc_cl013g_rvt_ss_1p08v_125c
        INVX4M                          scmetro_tsmc_cl013g_rvt_ss_1p08v_125c
        INVXLM                          scmetro_tsmc_cl013g_rvt_ss_1p08v_125c
        NAND2BX1M                       scmetro_tsmc_cl013g_rvt_ss_1p08v_125c
        NAND2BX2M                       scmetro_tsmc_cl013g_rvt_ss_1p08v_125c
        NAND2BXLM                       scmetro_tsmc_cl013g_rvt_ss_1p08v_125c
        NAND2X2M                        scmetro_tsmc_cl013g_rvt_ss_1p08v_125c
        NAND2X4M                        scmetro_tsmc_cl013g_rvt_ss_1p08v_125c
        NAND3BX1M                       scmetro_tsmc_cl013g_rvt_ss_1p08v_125c
        NAND3BX2M                       scmetro_tsmc_cl013g_rvt_ss_1p08v_125c
        NAND3BXLM                       scmetro_tsmc_cl013g_rvt_ss_1p08v_125c
        NAND3X2M                        scmetro_tsmc_cl013g_rvt_ss_1p08v_125c
        NAND4X2M                        scmetro_tsmc_cl013g_rvt_ss_1p08v_125c
        NAND4X4M                        scmetro_tsmc_cl013g_rvt_ss_1p08v_125c
        NAND4X6M                        scmetro_tsmc_cl013g_rvt_ss_1p08v_125c
        NAND4X12M                       scmetro_tsmc_cl013g_rvt_ss_1p08v_125c
        NOR2BX1M                        scmetro_tsmc_cl013g_rvt_ss_1p08v_125c
        NOR2BX2M                        scmetro_tsmc_cl013g_rvt_ss_1p08v_125c
        NOR2X1M                         scmetro_tsmc_cl013g_rvt_ss_1p08v_125c
        NOR2X2M                         scmetro_tsmc_cl013g_rvt_ss_1p08v_125c
        NOR2X8M                         scmetro_tsmc_cl013g_rvt_ss_1p08v_125c
        NOR3X2M                         scmetro_tsmc_cl013g_rvt_ss_1p08v_125c
        NOR3X4M                         scmetro_tsmc_cl013g_rvt_ss_1p08v_125c
        OA21X8M                         scmetro_tsmc_cl013g_rvt_ss_1p08v_125c
        OAI2B1X1M                       scmetro_tsmc_cl013g_rvt_ss_1p08v_125c
        OAI2B1X2M                       scmetro_tsmc_cl013g_rvt_ss_1p08v_125c
        OAI2B1X4M                       scmetro_tsmc_cl013g_rvt_ss_1p08v_125c
        OAI2B1X8M                       scmetro_tsmc_cl013g_rvt_ss_1p08v_125c
        OAI2BB1X2M                      scmetro_tsmc_cl013g_rvt_ss_1p08v_125c
        OAI21BX4M                       scmetro_tsmc_cl013g_rvt_ss_1p08v_125c
        OAI21X1M                        scmetro_tsmc_cl013g_rvt_ss_1p08v_125c
        OAI21X2M                        scmetro_tsmc_cl013g_rvt_ss_1p08v_125c
        OAI21X4M                        scmetro_tsmc_cl013g_rvt_ss_1p08v_125c
        OAI21X8M                        scmetro_tsmc_cl013g_rvt_ss_1p08v_125c
    Modular_Inverse_DW01_sub_9
        AND3X2M                         scmetro_tsmc_cl013g_rvt_ss_1p08v_125c
        AND4X2M                         scmetro_tsmc_cl013g_rvt_ss_1p08v_125c
        AND4XLM                         scmetro_tsmc_cl013g_rvt_ss_1p08v_125c
        AOI2B1X1M                       scmetro_tsmc_cl013g_rvt_ss_1p08v_125c
        AOI2BB1X1M                      scmetro_tsmc_cl013g_rvt_ss_1p08v_125c
        AOI2BB1X2M                      scmetro_tsmc_cl013g_rvt_ss_1p08v_125c
        AOI2BB2X2M                      scmetro_tsmc_cl013g_rvt_ss_1p08v_125c
        AOI21BX2M                       scmetro_tsmc_cl013g_rvt_ss_1p08v_125c
        AOI21BX8M                       scmetro_tsmc_cl013g_rvt_ss_1p08v_125c
        AOI21X2M                        scmetro_tsmc_cl013g_rvt_ss_1p08v_125c
        CLKINVX2M                       scmetro_tsmc_cl013g_rvt_ss_1p08v_125c
        CLKNAND2X2M                     scmetro_tsmc_cl013g_rvt_ss_1p08v_125c
        INVX2M                          scmetro_tsmc_cl013g_rvt_ss_1p08v_125c
        INVXLM                          scmetro_tsmc_cl013g_rvt_ss_1p08v_125c
        NAND2BX1M                       scmetro_tsmc_cl013g_rvt_ss_1p08v_125c
        NAND2BX2M                       scmetro_tsmc_cl013g_rvt_ss_1p08v_125c
        NAND2BXLM                       scmetro_tsmc_cl013g_rvt_ss_1p08v_125c
        NAND2X2M                        scmetro_tsmc_cl013g_rvt_ss_1p08v_125c
        NAND3BX2M                       scmetro_tsmc_cl013g_rvt_ss_1p08v_125c
        NAND3BXLM                       scmetro_tsmc_cl013g_rvt_ss_1p08v_125c
        NAND3X2M                        scmetro_tsmc_cl013g_rvt_ss_1p08v_125c
        NAND3XLM                        scmetro_tsmc_cl013g_rvt_ss_1p08v_125c
        NAND4BX1M                       scmetro_tsmc_cl013g_rvt_ss_1p08v_125c
        NAND4X1M                        scmetro_tsmc_cl013g_rvt_ss_1p08v_125c
        NAND4X2M                        scmetro_tsmc_cl013g_rvt_ss_1p08v_125c
        NOR2BX1M                        scmetro_tsmc_cl013g_rvt_ss_1p08v_125c
        NOR2BX2M                        scmetro_tsmc_cl013g_rvt_ss_1p08v_125c
        NOR2X1M                         scmetro_tsmc_cl013g_rvt_ss_1p08v_125c
        NOR2X2M                         scmetro_tsmc_cl013g_rvt_ss_1p08v_125c
        NOR3X2M                         scmetro_tsmc_cl013g_rvt_ss_1p08v_125c
        OA21X2M                         scmetro_tsmc_cl013g_rvt_ss_1p08v_125c
        OA21XLM                         scmetro_tsmc_cl013g_rvt_ss_1p08v_125c
        OAI2B1X2M                       scmetro_tsmc_cl013g_rvt_ss_1p08v_125c
        OAI21BX1M                       scmetro_tsmc_cl013g_rvt_ss_1p08v_125c
        OAI21X1M                        scmetro_tsmc_cl013g_rvt_ss_1p08v_125c
        OAI21X2M                        scmetro_tsmc_cl013g_rvt_ss_1p08v_125c
        OAI21X4M                        scmetro_tsmc_cl013g_rvt_ss_1p08v_125c
        OR2X2M                          scmetro_tsmc_cl013g_rvt_ss_1p08v_125c
    Modular_Inverse_DW01_sub_12
        AND2X1M                         scmetro_tsmc_cl013g_rvt_ss_1p08v_125c
        AND2X2M                         scmetro_tsmc_cl013g_rvt_ss_1p08v_125c
        AND2X12M                        scmetro_tsmc_cl013g_rvt_ss_1p08v_125c
        AND3X2M                         scmetro_tsmc_cl013g_rvt_ss_1p08v_125c
        AND3X6M                         scmetro_tsmc_cl013g_rvt_ss_1p08v_125c
        AND4X2M                         scmetro_tsmc_cl013g_rvt_ss_1p08v_125c
        AND4X4M                         scmetro_tsmc_cl013g_rvt_ss_1p08v_125c
        AND4X8M                         scmetro_tsmc_cl013g_rvt_ss_1p08v_125c
        AND4X12M                        scmetro_tsmc_cl013g_rvt_ss_1p08v_125c
        AO21X1M                         scmetro_tsmc_cl013g_rvt_ss_1p08v_125c
        AO21X2M                         scmetro_tsmc_cl013g_rvt_ss_1p08v_125c
        AO21X8M                         scmetro_tsmc_cl013g_rvt_ss_1p08v_125c
        AO21XLM                         scmetro_tsmc_cl013g_rvt_ss_1p08v_125c
        AOI2B1X1M                       scmetro_tsmc_cl013g_rvt_ss_1p08v_125c
        AOI2B1X2M                       scmetro_tsmc_cl013g_rvt_ss_1p08v_125c
        AOI2B1X4M                       scmetro_tsmc_cl013g_rvt_ss_1p08v_125c
        AOI2B1X8M                       scmetro_tsmc_cl013g_rvt_ss_1p08v_125c
        AOI21BX8M                       scmetro_tsmc_cl013g_rvt_ss_1p08v_125c
        AOI21X1M                        scmetro_tsmc_cl013g_rvt_ss_1p08v_125c
        AOI21X2M                        scmetro_tsmc_cl013g_rvt_ss_1p08v_125c
        AOI21X4M                        scmetro_tsmc_cl013g_rvt_ss_1p08v_125c
        AOI21X8M                        scmetro_tsmc_cl013g_rvt_ss_1p08v_125c
        BUFX10M                         scmetro_tsmc_cl013g_rvt_ss_1p08v_125c
        CLKAND2X6M                      scmetro_tsmc_cl013g_rvt_ss_1p08v_125c
        CLKAND2X12M                     scmetro_tsmc_cl013g_rvt_ss_1p08v_125c
        CLKINVX1M                       scmetro_tsmc_cl013g_rvt_ss_1p08v_125c
        CLKINVX2M                       scmetro_tsmc_cl013g_rvt_ss_1p08v_125c
        CLKINVX4M                       scmetro_tsmc_cl013g_rvt_ss_1p08v_125c
        CLKINVX6M                       scmetro_tsmc_cl013g_rvt_ss_1p08v_125c
        CLKINVX8M                       scmetro_tsmc_cl013g_rvt_ss_1p08v_125c
        CLKINVX16M                      scmetro_tsmc_cl013g_rvt_ss_1p08v_125c
        CLKNAND2X2M                     scmetro_tsmc_cl013g_rvt_ss_1p08v_125c
        CLKNAND2X4M                     scmetro_tsmc_cl013g_rvt_ss_1p08v_125c
        CLKNAND2X8M                     scmetro_tsmc_cl013g_rvt_ss_1p08v_125c
        CLKNAND2X12M                    scmetro_tsmc_cl013g_rvt_ss_1p08v_125c
        CLKNAND2X16M                    scmetro_tsmc_cl013g_rvt_ss_1p08v_125c
        CLKXOR2X2M                      scmetro_tsmc_cl013g_rvt_ss_1p08v_125c
        INVX2M                          scmetro_tsmc_cl013g_rvt_ss_1p08v_125c
        INVX3M                          scmetro_tsmc_cl013g_rvt_ss_1p08v_125c
        INVX4M                          scmetro_tsmc_cl013g_rvt_ss_1p08v_125c
        INVX6M                          scmetro_tsmc_cl013g_rvt_ss_1p08v_125c
        INVX8M                          scmetro_tsmc_cl013g_rvt_ss_1p08v_125c
        INVX14M                         scmetro_tsmc_cl013g_rvt_ss_1p08v_125c
        INVX24M                         scmetro_tsmc_cl013g_rvt_ss_1p08v_125c
        INVXLM                          scmetro_tsmc_cl013g_rvt_ss_1p08v_125c
        NAND2BX1M                       scmetro_tsmc_cl013g_rvt_ss_1p08v_125c
        NAND2BX2M                       scmetro_tsmc_cl013g_rvt_ss_1p08v_125c
        NAND2BX4M                       scmetro_tsmc_cl013g_rvt_ss_1p08v_125c
        NAND2BX8M                       scmetro_tsmc_cl013g_rvt_ss_1p08v_125c
        NAND2BX12M                      scmetro_tsmc_cl013g_rvt_ss_1p08v_125c
        NAND2BXLM                       scmetro_tsmc_cl013g_rvt_ss_1p08v_125c
        NAND2X1M                        scmetro_tsmc_cl013g_rvt_ss_1p08v_125c
        NAND2X2M                        scmetro_tsmc_cl013g_rvt_ss_1p08v_125c
        NAND2X4M                        scmetro_tsmc_cl013g_rvt_ss_1p08v_125c
        NAND2X6M                        scmetro_tsmc_cl013g_rvt_ss_1p08v_125c
        NAND2X8M                        scmetro_tsmc_cl013g_rvt_ss_1p08v_125c
        NAND2X12M                       scmetro_tsmc_cl013g_rvt_ss_1p08v_125c
        NAND2XLM                        scmetro_tsmc_cl013g_rvt_ss_1p08v_125c
        NAND3X2M                        scmetro_tsmc_cl013g_rvt_ss_1p08v_125c
        NAND3X4M                        scmetro_tsmc_cl013g_rvt_ss_1p08v_125c
        NAND3X8M                        scmetro_tsmc_cl013g_rvt_ss_1p08v_125c
        NAND3X12M                       scmetro_tsmc_cl013g_rvt_ss_1p08v_125c
        NAND3XLM                        scmetro_tsmc_cl013g_rvt_ss_1p08v_125c
        NAND4X2M                        scmetro_tsmc_cl013g_rvt_ss_1p08v_125c
        NAND4X4M                        scmetro_tsmc_cl013g_rvt_ss_1p08v_125c
        NAND4X6M                        scmetro_tsmc_cl013g_rvt_ss_1p08v_125c
        NAND4X8M                        scmetro_tsmc_cl013g_rvt_ss_1p08v_125c
        NOR2BX2M                        scmetro_tsmc_cl013g_rvt_ss_1p08v_125c
        NOR2BX4M                        scmetro_tsmc_cl013g_rvt_ss_1p08v_125c
        NOR2BX8M                        scmetro_tsmc_cl013g_rvt_ss_1p08v_125c
        NOR2BX12M                       scmetro_tsmc_cl013g_rvt_ss_1p08v_125c
        NOR2X1M                         scmetro_tsmc_cl013g_rvt_ss_1p08v_125c
        NOR2X2M                         scmetro_tsmc_cl013g_rvt_ss_1p08v_125c
        NOR2X3M                         scmetro_tsmc_cl013g_rvt_ss_1p08v_125c
        NOR2X4M                         scmetro_tsmc_cl013g_rvt_ss_1p08v_125c
        NOR2X6M                         scmetro_tsmc_cl013g_rvt_ss_1p08v_125c
        NOR2X8M                         scmetro_tsmc_cl013g_rvt_ss_1p08v_125c
        NOR2X12M                        scmetro_tsmc_cl013g_rvt_ss_1p08v_125c
        NOR4BBX2M                       scmetro_tsmc_cl013g_rvt_ss_1p08v_125c
        NOR4X2M                         scmetro_tsmc_cl013g_rvt_ss_1p08v_125c
        NOR4X4M                         scmetro_tsmc_cl013g_rvt_ss_1p08v_125c
        NOR4X12M                        scmetro_tsmc_cl013g_rvt_ss_1p08v_125c
        OA21X2M                         scmetro_tsmc_cl013g_rvt_ss_1p08v_125c
        OA21X4M                         scmetro_tsmc_cl013g_rvt_ss_1p08v_125c
        OAI2B1X2M                       scmetro_tsmc_cl013g_rvt_ss_1p08v_125c
        OAI2B1X4M                       scmetro_tsmc_cl013g_rvt_ss_1p08v_125c
        OAI2B1X8M                       scmetro_tsmc_cl013g_rvt_ss_1p08v_125c
        OAI2BB1X1M                      scmetro_tsmc_cl013g_rvt_ss_1p08v_125c
        OAI2BB1X2M                      scmetro_tsmc_cl013g_rvt_ss_1p08v_125c
        OAI2BB1X4M                      scmetro_tsmc_cl013g_rvt_ss_1p08v_125c
        OAI21X2M                        scmetro_tsmc_cl013g_rvt_ss_1p08v_125c
        OAI21X4M                        scmetro_tsmc_cl013g_rvt_ss_1p08v_125c
        OAI21X6M                        scmetro_tsmc_cl013g_rvt_ss_1p08v_125c
        OAI21X8M                        scmetro_tsmc_cl013g_rvt_ss_1p08v_125c
        OR2X1M                          scmetro_tsmc_cl013g_rvt_ss_1p08v_125c
        OR2X2M                          scmetro_tsmc_cl013g_rvt_ss_1p08v_125c
        OR2X4M                          scmetro_tsmc_cl013g_rvt_ss_1p08v_125c
        OR2X6M                          scmetro_tsmc_cl013g_rvt_ss_1p08v_125c
        XNOR2X1M                        scmetro_tsmc_cl013g_rvt_ss_1p08v_125c
        XNOR2X2M                        scmetro_tsmc_cl013g_rvt_ss_1p08v_125c
        XOR2X1M                         scmetro_tsmc_cl013g_rvt_ss_1p08v_125c
        XOR2X2M                         scmetro_tsmc_cl013g_rvt_ss_1p08v_125c
        XOR2X3M                         scmetro_tsmc_cl013g_rvt_ss_1p08v_125c
        XOR2X4M                         scmetro_tsmc_cl013g_rvt_ss_1p08v_125c
        XOR2X8M                         scmetro_tsmc_cl013g_rvt_ss_1p08v_125c
    Modular_Inverse_DW01_sub_13
        AND2X1M                         scmetro_tsmc_cl013g_rvt_ss_1p08v_125c
        AND2X2M                         scmetro_tsmc_cl013g_rvt_ss_1p08v_125c
        AND2X4M                         scmetro_tsmc_cl013g_rvt_ss_1p08v_125c
        AND2X12M                        scmetro_tsmc_cl013g_rvt_ss_1p08v_125c
        AND3X2M                         scmetro_tsmc_cl013g_rvt_ss_1p08v_125c
        AND3X8M                         scmetro_tsmc_cl013g_rvt_ss_1p08v_125c
        AND3X12M                        scmetro_tsmc_cl013g_rvt_ss_1p08v_125c
        AND4X2M                         scmetro_tsmc_cl013g_rvt_ss_1p08v_125c
        AND4X4M                         scmetro_tsmc_cl013g_rvt_ss_1p08v_125c
        AO21X1M                         scmetro_tsmc_cl013g_rvt_ss_1p08v_125c
        AO21X2M                         scmetro_tsmc_cl013g_rvt_ss_1p08v_125c
        AO21X8M                         scmetro_tsmc_cl013g_rvt_ss_1p08v_125c
        AO21XLM                         scmetro_tsmc_cl013g_rvt_ss_1p08v_125c
        AOI2B1X1M                       scmetro_tsmc_cl013g_rvt_ss_1p08v_125c
        AOI2B1X2M                       scmetro_tsmc_cl013g_rvt_ss_1p08v_125c
        AOI2B1X4M                       scmetro_tsmc_cl013g_rvt_ss_1p08v_125c
        AOI2B1X8M                       scmetro_tsmc_cl013g_rvt_ss_1p08v_125c
        AOI21BX1M                       scmetro_tsmc_cl013g_rvt_ss_1p08v_125c
        AOI21BX2M                       scmetro_tsmc_cl013g_rvt_ss_1p08v_125c
        AOI21BX8M                       scmetro_tsmc_cl013g_rvt_ss_1p08v_125c
        AOI21X2M                        scmetro_tsmc_cl013g_rvt_ss_1p08v_125c
        AOI21X4M                        scmetro_tsmc_cl013g_rvt_ss_1p08v_125c
        AOI21X8M                        scmetro_tsmc_cl013g_rvt_ss_1p08v_125c
        CLKAND2X4M                      scmetro_tsmc_cl013g_rvt_ss_1p08v_125c
        CLKAND2X6M                      scmetro_tsmc_cl013g_rvt_ss_1p08v_125c
        CLKINVX1M                       scmetro_tsmc_cl013g_rvt_ss_1p08v_125c
        CLKINVX2M                       scmetro_tsmc_cl013g_rvt_ss_1p08v_125c
        CLKNAND2X2M                     scmetro_tsmc_cl013g_rvt_ss_1p08v_125c
        CLKNAND2X4M                     scmetro_tsmc_cl013g_rvt_ss_1p08v_125c
        CLKNAND2X8M                     scmetro_tsmc_cl013g_rvt_ss_1p08v_125c
        CLKNAND2X12M                    scmetro_tsmc_cl013g_rvt_ss_1p08v_125c
        CLKNAND2X16M                    scmetro_tsmc_cl013g_rvt_ss_1p08v_125c
        CLKXOR2X2M                      scmetro_tsmc_cl013g_rvt_ss_1p08v_125c
        INVX1M                          scmetro_tsmc_cl013g_rvt_ss_1p08v_125c
        INVX2M                          scmetro_tsmc_cl013g_rvt_ss_1p08v_125c
        INVX4M                          scmetro_tsmc_cl013g_rvt_ss_1p08v_125c
        INVX20M                         scmetro_tsmc_cl013g_rvt_ss_1p08v_125c
        INVXLM                          scmetro_tsmc_cl013g_rvt_ss_1p08v_125c
        NAND2BX1M                       scmetro_tsmc_cl013g_rvt_ss_1p08v_125c
        NAND2BX2M                       scmetro_tsmc_cl013g_rvt_ss_1p08v_125c
        NAND2BX4M                       scmetro_tsmc_cl013g_rvt_ss_1p08v_125c
        NAND2BX8M                       scmetro_tsmc_cl013g_rvt_ss_1p08v_125c
        NAND2BX12M                      scmetro_tsmc_cl013g_rvt_ss_1p08v_125c
        NAND2BXLM                       scmetro_tsmc_cl013g_rvt_ss_1p08v_125c
        NAND2X1M                        scmetro_tsmc_cl013g_rvt_ss_1p08v_125c
        NAND2X2M                        scmetro_tsmc_cl013g_rvt_ss_1p08v_125c
        NAND2X3M                        scmetro_tsmc_cl013g_rvt_ss_1p08v_125c
        NAND2X4M                        scmetro_tsmc_cl013g_rvt_ss_1p08v_125c
        NAND2X6M                        scmetro_tsmc_cl013g_rvt_ss_1p08v_125c
        NAND2X8M                        scmetro_tsmc_cl013g_rvt_ss_1p08v_125c
        NAND2X12M                       scmetro_tsmc_cl013g_rvt_ss_1p08v_125c
        NAND2XLM                        scmetro_tsmc_cl013g_rvt_ss_1p08v_125c
        NAND3BX4M                       scmetro_tsmc_cl013g_rvt_ss_1p08v_125c
        NAND3X1M                        scmetro_tsmc_cl013g_rvt_ss_1p08v_125c
        NAND3X2M                        scmetro_tsmc_cl013g_rvt_ss_1p08v_125c
        NAND3X4M                        scmetro_tsmc_cl013g_rvt_ss_1p08v_125c
        NAND3X8M                        scmetro_tsmc_cl013g_rvt_ss_1p08v_125c
        NAND3X12M                       scmetro_tsmc_cl013g_rvt_ss_1p08v_125c
        NAND4X2M                        scmetro_tsmc_cl013g_rvt_ss_1p08v_125c
        NAND4X4M                        scmetro_tsmc_cl013g_rvt_ss_1p08v_125c
        NAND4X6M                        scmetro_tsmc_cl013g_rvt_ss_1p08v_125c
        NAND4X12M                       scmetro_tsmc_cl013g_rvt_ss_1p08v_125c
        NOR2BX1M                        scmetro_tsmc_cl013g_rvt_ss_1p08v_125c
        NOR2BX2M                        scmetro_tsmc_cl013g_rvt_ss_1p08v_125c
        NOR2BX4M                        scmetro_tsmc_cl013g_rvt_ss_1p08v_125c
        NOR2BX8M                        scmetro_tsmc_cl013g_rvt_ss_1p08v_125c
        NOR2X1M                         scmetro_tsmc_cl013g_rvt_ss_1p08v_125c
        NOR2X2M                         scmetro_tsmc_cl013g_rvt_ss_1p08v_125c
        NOR2X4M                         scmetro_tsmc_cl013g_rvt_ss_1p08v_125c
        NOR2X5M                         scmetro_tsmc_cl013g_rvt_ss_1p08v_125c
        NOR2X6M                         scmetro_tsmc_cl013g_rvt_ss_1p08v_125c
        NOR2X8M                         scmetro_tsmc_cl013g_rvt_ss_1p08v_125c
        NOR2X12M                        scmetro_tsmc_cl013g_rvt_ss_1p08v_125c
        NOR4X2M                         scmetro_tsmc_cl013g_rvt_ss_1p08v_125c
        OA21X1M                         scmetro_tsmc_cl013g_rvt_ss_1p08v_125c
        OA21X2M                         scmetro_tsmc_cl013g_rvt_ss_1p08v_125c
        OA21X4M                         scmetro_tsmc_cl013g_rvt_ss_1p08v_125c
        OAI2B1X2M                       scmetro_tsmc_cl013g_rvt_ss_1p08v_125c
        OAI2B1X4M                       scmetro_tsmc_cl013g_rvt_ss_1p08v_125c
        OAI2B1X8M                       scmetro_tsmc_cl013g_rvt_ss_1p08v_125c
        OAI2BB1X1M                      scmetro_tsmc_cl013g_rvt_ss_1p08v_125c
        OAI2BB1X2M                      scmetro_tsmc_cl013g_rvt_ss_1p08v_125c
        OAI2BB1X4M                      scmetro_tsmc_cl013g_rvt_ss_1p08v_125c
        OAI21X2M                        scmetro_tsmc_cl013g_rvt_ss_1p08v_125c
        OAI21X4M                        scmetro_tsmc_cl013g_rvt_ss_1p08v_125c
        OAI21X6M                        scmetro_tsmc_cl013g_rvt_ss_1p08v_125c
        OAI21X8M                        scmetro_tsmc_cl013g_rvt_ss_1p08v_125c
        OR2X1M                          scmetro_tsmc_cl013g_rvt_ss_1p08v_125c
        OR2X2M                          scmetro_tsmc_cl013g_rvt_ss_1p08v_125c
        OR2X4M                          scmetro_tsmc_cl013g_rvt_ss_1p08v_125c
        OR3X2M                          scmetro_tsmc_cl013g_rvt_ss_1p08v_125c
        XNOR2X1M                        scmetro_tsmc_cl013g_rvt_ss_1p08v_125c
        XNOR2X2M                        scmetro_tsmc_cl013g_rvt_ss_1p08v_125c
        XNOR2X4M                        scmetro_tsmc_cl013g_rvt_ss_1p08v_125c
        XNOR2X8M                        scmetro_tsmc_cl013g_rvt_ss_1p08v_125c
        XOR2X1M                         scmetro_tsmc_cl013g_rvt_ss_1p08v_125c
        XOR2X2M                         scmetro_tsmc_cl013g_rvt_ss_1p08v_125c
        XOR2X4M                         scmetro_tsmc_cl013g_rvt_ss_1p08v_125c
        XOR2X8M                         scmetro_tsmc_cl013g_rvt_ss_1p08v_125c
    Modular_Inverse_DW01_sub_14
        AND2X1M                         scmetro_tsmc_cl013g_rvt_ss_1p08v_125c
        AND2X2M                         scmetro_tsmc_cl013g_rvt_ss_1p08v_125c
        AND2X4M                         scmetro_tsmc_cl013g_rvt_ss_1p08v_125c
        AND3X2M                         scmetro_tsmc_cl013g_rvt_ss_1p08v_125c
        AND3XLM                         scmetro_tsmc_cl013g_rvt_ss_1p08v_125c
        AND4X2M                         scmetro_tsmc_cl013g_rvt_ss_1p08v_125c
        AND4X4M                         scmetro_tsmc_cl013g_rvt_ss_1p08v_125c
        AO21X1M                         scmetro_tsmc_cl013g_rvt_ss_1p08v_125c
        AO21X2M                         scmetro_tsmc_cl013g_rvt_ss_1p08v_125c
        AO21X4M                         scmetro_tsmc_cl013g_rvt_ss_1p08v_125c
        AO21X8M                         scmetro_tsmc_cl013g_rvt_ss_1p08v_125c
        AO21XLM                         scmetro_tsmc_cl013g_rvt_ss_1p08v_125c
        AOI2B1X1M                       scmetro_tsmc_cl013g_rvt_ss_1p08v_125c
        AOI2B1X2M                       scmetro_tsmc_cl013g_rvt_ss_1p08v_125c
        AOI2B1X4M                       scmetro_tsmc_cl013g_rvt_ss_1p08v_125c
        AOI2B1X8M                       scmetro_tsmc_cl013g_rvt_ss_1p08v_125c
        AOI2BB1X2M                      scmetro_tsmc_cl013g_rvt_ss_1p08v_125c
        AOI21BX2M                       scmetro_tsmc_cl013g_rvt_ss_1p08v_125c
        AOI21X1M                        scmetro_tsmc_cl013g_rvt_ss_1p08v_125c
        AOI21X2M                        scmetro_tsmc_cl013g_rvt_ss_1p08v_125c
        AOI21X4M                        scmetro_tsmc_cl013g_rvt_ss_1p08v_125c
        AOI21X6M                        scmetro_tsmc_cl013g_rvt_ss_1p08v_125c
        AOI21X8M                        scmetro_tsmc_cl013g_rvt_ss_1p08v_125c
        BUFX10M                         scmetro_tsmc_cl013g_rvt_ss_1p08v_125c
        BUFX12M                         scmetro_tsmc_cl013g_rvt_ss_1p08v_125c
        BUFX16M                         scmetro_tsmc_cl013g_rvt_ss_1p08v_125c
        BUFX24M                         scmetro_tsmc_cl013g_rvt_ss_1p08v_125c
        CLKAND2X2M                      scmetro_tsmc_cl013g_rvt_ss_1p08v_125c
        CLKAND2X6M                      scmetro_tsmc_cl013g_rvt_ss_1p08v_125c
        CLKAND2X12M                     scmetro_tsmc_cl013g_rvt_ss_1p08v_125c
        CLKINVX1M                       scmetro_tsmc_cl013g_rvt_ss_1p08v_125c
        CLKINVX2M                       scmetro_tsmc_cl013g_rvt_ss_1p08v_125c
        CLKINVX16M                      scmetro_tsmc_cl013g_rvt_ss_1p08v_125c
        CLKNAND2X2M                     scmetro_tsmc_cl013g_rvt_ss_1p08v_125c
        CLKNAND2X8M                     scmetro_tsmc_cl013g_rvt_ss_1p08v_125c
        CLKNAND2X12M                    scmetro_tsmc_cl013g_rvt_ss_1p08v_125c
        CLKNAND2X16M                    scmetro_tsmc_cl013g_rvt_ss_1p08v_125c
        CLKXOR2X2M                      scmetro_tsmc_cl013g_rvt_ss_1p08v_125c
        INVX1M                          scmetro_tsmc_cl013g_rvt_ss_1p08v_125c
        INVX2M                          scmetro_tsmc_cl013g_rvt_ss_1p08v_125c
        INVX4M                          scmetro_tsmc_cl013g_rvt_ss_1p08v_125c
        INVX6M                          scmetro_tsmc_cl013g_rvt_ss_1p08v_125c
        INVX8M                          scmetro_tsmc_cl013g_rvt_ss_1p08v_125c
        INVX10M                         scmetro_tsmc_cl013g_rvt_ss_1p08v_125c
        INVX12M                         scmetro_tsmc_cl013g_rvt_ss_1p08v_125c
        INVXLM                          scmetro_tsmc_cl013g_rvt_ss_1p08v_125c
        NAND2BX1M                       scmetro_tsmc_cl013g_rvt_ss_1p08v_125c
        NAND2BX2M                       scmetro_tsmc_cl013g_rvt_ss_1p08v_125c
        NAND2BX4M                       scmetro_tsmc_cl013g_rvt_ss_1p08v_125c
        NAND2BX8M                       scmetro_tsmc_cl013g_rvt_ss_1p08v_125c
        NAND2BX12M                      scmetro_tsmc_cl013g_rvt_ss_1p08v_125c
        NAND2BXLM                       scmetro_tsmc_cl013g_rvt_ss_1p08v_125c
        NAND2X1M                        scmetro_tsmc_cl013g_rvt_ss_1p08v_125c
        NAND2X2M                        scmetro_tsmc_cl013g_rvt_ss_1p08v_125c
        NAND2X3M                        scmetro_tsmc_cl013g_rvt_ss_1p08v_125c
        NAND2X4M                        scmetro_tsmc_cl013g_rvt_ss_1p08v_125c
        NAND2X5M                        scmetro_tsmc_cl013g_rvt_ss_1p08v_125c
        NAND2X6M                        scmetro_tsmc_cl013g_rvt_ss_1p08v_125c
        NAND2X8M                        scmetro_tsmc_cl013g_rvt_ss_1p08v_125c
        NAND2X12M                       scmetro_tsmc_cl013g_rvt_ss_1p08v_125c
        NAND2XLM                        scmetro_tsmc_cl013g_rvt_ss_1p08v_125c
        NAND3X2M                        scmetro_tsmc_cl013g_rvt_ss_1p08v_125c
        NAND3X4M                        scmetro_tsmc_cl013g_rvt_ss_1p08v_125c
        NAND3X6M                        scmetro_tsmc_cl013g_rvt_ss_1p08v_125c
        NAND3X12M                       scmetro_tsmc_cl013g_rvt_ss_1p08v_125c
        NAND3XLM                        scmetro_tsmc_cl013g_rvt_ss_1p08v_125c
        NAND4X1M                        scmetro_tsmc_cl013g_rvt_ss_1p08v_125c
        NAND4X2M                        scmetro_tsmc_cl013g_rvt_ss_1p08v_125c
        NAND4X4M                        scmetro_tsmc_cl013g_rvt_ss_1p08v_125c
        NAND4X6M                        scmetro_tsmc_cl013g_rvt_ss_1p08v_125c
        NAND4X12M                       scmetro_tsmc_cl013g_rvt_ss_1p08v_125c
        NOR2BX1M                        scmetro_tsmc_cl013g_rvt_ss_1p08v_125c
        NOR2BX2M                        scmetro_tsmc_cl013g_rvt_ss_1p08v_125c
        NOR2BX4M                        scmetro_tsmc_cl013g_rvt_ss_1p08v_125c
        NOR2BX8M                        scmetro_tsmc_cl013g_rvt_ss_1p08v_125c
        NOR2BX12M                       scmetro_tsmc_cl013g_rvt_ss_1p08v_125c
        NOR2X1M                         scmetro_tsmc_cl013g_rvt_ss_1p08v_125c
        NOR2X2M                         scmetro_tsmc_cl013g_rvt_ss_1p08v_125c
        NOR2X4M                         scmetro_tsmc_cl013g_rvt_ss_1p08v_125c
        NOR2X6M                         scmetro_tsmc_cl013g_rvt_ss_1p08v_125c
        NOR2X8M                         scmetro_tsmc_cl013g_rvt_ss_1p08v_125c
        NOR2X12M                        scmetro_tsmc_cl013g_rvt_ss_1p08v_125c
        NOR3BX4M                        scmetro_tsmc_cl013g_rvt_ss_1p08v_125c
        NOR3X2M                         scmetro_tsmc_cl013g_rvt_ss_1p08v_125c
        NOR4BBX2M                       scmetro_tsmc_cl013g_rvt_ss_1p08v_125c
        NOR4X2M                         scmetro_tsmc_cl013g_rvt_ss_1p08v_125c
        OA21X4M                         scmetro_tsmc_cl013g_rvt_ss_1p08v_125c
        OA21X8M                         scmetro_tsmc_cl013g_rvt_ss_1p08v_125c
        OAI2B1X2M                       scmetro_tsmc_cl013g_rvt_ss_1p08v_125c
        OAI2B1X4M                       scmetro_tsmc_cl013g_rvt_ss_1p08v_125c
        OAI2BB1X1M                      scmetro_tsmc_cl013g_rvt_ss_1p08v_125c
        OAI2BB1X2M                      scmetro_tsmc_cl013g_rvt_ss_1p08v_125c
        OAI2BB1X4M                      scmetro_tsmc_cl013g_rvt_ss_1p08v_125c
        OAI21X1M                        scmetro_tsmc_cl013g_rvt_ss_1p08v_125c
        OAI21X2M                        scmetro_tsmc_cl013g_rvt_ss_1p08v_125c
        OAI21X3M                        scmetro_tsmc_cl013g_rvt_ss_1p08v_125c
        OAI21X4M                        scmetro_tsmc_cl013g_rvt_ss_1p08v_125c
        OAI21X6M                        scmetro_tsmc_cl013g_rvt_ss_1p08v_125c
        OAI21X8M                        scmetro_tsmc_cl013g_rvt_ss_1p08v_125c
        OR2X2M                          scmetro_tsmc_cl013g_rvt_ss_1p08v_125c
        OR2X6M                          scmetro_tsmc_cl013g_rvt_ss_1p08v_125c
        OR3X2M                          scmetro_tsmc_cl013g_rvt_ss_1p08v_125c
        XNOR2X1M                        scmetro_tsmc_cl013g_rvt_ss_1p08v_125c
        XNOR2X2M                        scmetro_tsmc_cl013g_rvt_ss_1p08v_125c
        XNOR2X4M                        scmetro_tsmc_cl013g_rvt_ss_1p08v_125c
        XNOR2X8M                        scmetro_tsmc_cl013g_rvt_ss_1p08v_125c
        XOR2X1M                         scmetro_tsmc_cl013g_rvt_ss_1p08v_125c
        XOR2X2M                         scmetro_tsmc_cl013g_rvt_ss_1p08v_125c
        XOR2X8M                         scmetro_tsmc_cl013g_rvt_ss_1p08v_125c
    Modular_Inverse_DW01_sub_15
        AND2X1M                         scmetro_tsmc_cl013g_rvt_ss_1p08v_125c
        AND2X2M                         scmetro_tsmc_cl013g_rvt_ss_1p08v_125c
        AND2X6M                         scmetro_tsmc_cl013g_rvt_ss_1p08v_125c
        AND2X12M                        scmetro_tsmc_cl013g_rvt_ss_1p08v_125c
        AND3X2M                         scmetro_tsmc_cl013g_rvt_ss_1p08v_125c
        AND3X4M                         scmetro_tsmc_cl013g_rvt_ss_1p08v_125c
        AND3X6M                         scmetro_tsmc_cl013g_rvt_ss_1p08v_125c
        AND3XLM                         scmetro_tsmc_cl013g_rvt_ss_1p08v_125c
        AND4X2M                         scmetro_tsmc_cl013g_rvt_ss_1p08v_125c
        AND4X4M                         scmetro_tsmc_cl013g_rvt_ss_1p08v_125c
        AND4X6M                         scmetro_tsmc_cl013g_rvt_ss_1p08v_125c
        AND4X12M                        scmetro_tsmc_cl013g_rvt_ss_1p08v_125c
        AO2B2X4M                        scmetro_tsmc_cl013g_rvt_ss_1p08v_125c
        AO21X1M                         scmetro_tsmc_cl013g_rvt_ss_1p08v_125c
        AO21X2M                         scmetro_tsmc_cl013g_rvt_ss_1p08v_125c
        AO21X8M                         scmetro_tsmc_cl013g_rvt_ss_1p08v_125c
        AO21XLM                         scmetro_tsmc_cl013g_rvt_ss_1p08v_125c
        AOI2B1X1M                       scmetro_tsmc_cl013g_rvt_ss_1p08v_125c
        AOI2B1X2M                       scmetro_tsmc_cl013g_rvt_ss_1p08v_125c
        AOI2B1X4M                       scmetro_tsmc_cl013g_rvt_ss_1p08v_125c
        AOI2B1X8M                       scmetro_tsmc_cl013g_rvt_ss_1p08v_125c
        AOI2BB1X2M                      scmetro_tsmc_cl013g_rvt_ss_1p08v_125c
        AOI2BB1X8M                      scmetro_tsmc_cl013g_rvt_ss_1p08v_125c
        AOI21BX8M                       scmetro_tsmc_cl013g_rvt_ss_1p08v_125c
        AOI21X2M                        scmetro_tsmc_cl013g_rvt_ss_1p08v_125c
        AOI21X4M                        scmetro_tsmc_cl013g_rvt_ss_1p08v_125c
        AOI21X6M                        scmetro_tsmc_cl013g_rvt_ss_1p08v_125c
        BUFX2M                          scmetro_tsmc_cl013g_rvt_ss_1p08v_125c
        BUFX20M                         scmetro_tsmc_cl013g_rvt_ss_1p08v_125c
        CLKAND2X2M                      scmetro_tsmc_cl013g_rvt_ss_1p08v_125c
        CLKAND2X4M                      scmetro_tsmc_cl013g_rvt_ss_1p08v_125c
        CLKAND2X12M                     scmetro_tsmc_cl013g_rvt_ss_1p08v_125c
        CLKINVX1M                       scmetro_tsmc_cl013g_rvt_ss_1p08v_125c
        CLKINVX2M                       scmetro_tsmc_cl013g_rvt_ss_1p08v_125c
        CLKINVX3M                       scmetro_tsmc_cl013g_rvt_ss_1p08v_125c
        CLKINVX6M                       scmetro_tsmc_cl013g_rvt_ss_1p08v_125c
        CLKINVX40M                      scmetro_tsmc_cl013g_rvt_ss_1p08v_125c
        CLKNAND2X2M                     scmetro_tsmc_cl013g_rvt_ss_1p08v_125c
        CLKNAND2X4M                     scmetro_tsmc_cl013g_rvt_ss_1p08v_125c
        CLKNAND2X8M                     scmetro_tsmc_cl013g_rvt_ss_1p08v_125c
        CLKNAND2X16M                    scmetro_tsmc_cl013g_rvt_ss_1p08v_125c
        CLKXOR2X2M                      scmetro_tsmc_cl013g_rvt_ss_1p08v_125c
        CLKXOR2X4M                      scmetro_tsmc_cl013g_rvt_ss_1p08v_125c
        DLY1X1M                         scmetro_tsmc_cl013g_rvt_ss_1p08v_125c
        INVX1M                          scmetro_tsmc_cl013g_rvt_ss_1p08v_125c
        INVX2M                          scmetro_tsmc_cl013g_rvt_ss_1p08v_125c
        INVX3M                          scmetro_tsmc_cl013g_rvt_ss_1p08v_125c
        INVX4M                          scmetro_tsmc_cl013g_rvt_ss_1p08v_125c
        INVX6M                          scmetro_tsmc_cl013g_rvt_ss_1p08v_125c
        INVX8M                          scmetro_tsmc_cl013g_rvt_ss_1p08v_125c
        INVX12M                         scmetro_tsmc_cl013g_rvt_ss_1p08v_125c
        INVXLM                          scmetro_tsmc_cl013g_rvt_ss_1p08v_125c
        NAND2BX1M                       scmetro_tsmc_cl013g_rvt_ss_1p08v_125c
        NAND2BX2M                       scmetro_tsmc_cl013g_rvt_ss_1p08v_125c
        NAND2BX4M                       scmetro_tsmc_cl013g_rvt_ss_1p08v_125c
        NAND2BX8M                       scmetro_tsmc_cl013g_rvt_ss_1p08v_125c
        NAND2BX12M                      scmetro_tsmc_cl013g_rvt_ss_1p08v_125c
        NAND2BXLM                       scmetro_tsmc_cl013g_rvt_ss_1p08v_125c
        NAND2X1M                        scmetro_tsmc_cl013g_rvt_ss_1p08v_125c
        NAND2X2M                        scmetro_tsmc_cl013g_rvt_ss_1p08v_125c
        NAND2X3M                        scmetro_tsmc_cl013g_rvt_ss_1p08v_125c
        NAND2X4M                        scmetro_tsmc_cl013g_rvt_ss_1p08v_125c
        NAND2X6M                        scmetro_tsmc_cl013g_rvt_ss_1p08v_125c
        NAND2X8M                        scmetro_tsmc_cl013g_rvt_ss_1p08v_125c
        NAND2X12M                       scmetro_tsmc_cl013g_rvt_ss_1p08v_125c
        NAND2XLM                        scmetro_tsmc_cl013g_rvt_ss_1p08v_125c
        NAND3X2M                        scmetro_tsmc_cl013g_rvt_ss_1p08v_125c
        NAND3X4M                        scmetro_tsmc_cl013g_rvt_ss_1p08v_125c
        NAND3X12M                       scmetro_tsmc_cl013g_rvt_ss_1p08v_125c
        NAND4X2M                        scmetro_tsmc_cl013g_rvt_ss_1p08v_125c
        NAND4X4M                        scmetro_tsmc_cl013g_rvt_ss_1p08v_125c
        NAND4X6M                        scmetro_tsmc_cl013g_rvt_ss_1p08v_125c
        NAND4X8M                        scmetro_tsmc_cl013g_rvt_ss_1p08v_125c
        NAND4X12M                       scmetro_tsmc_cl013g_rvt_ss_1p08v_125c
        NOR2BX1M                        scmetro_tsmc_cl013g_rvt_ss_1p08v_125c
        NOR2BX2M                        scmetro_tsmc_cl013g_rvt_ss_1p08v_125c
        NOR2BX4M                        scmetro_tsmc_cl013g_rvt_ss_1p08v_125c
        NOR2BX8M                        scmetro_tsmc_cl013g_rvt_ss_1p08v_125c
        NOR2BX12M                       scmetro_tsmc_cl013g_rvt_ss_1p08v_125c
        NOR2X1M                         scmetro_tsmc_cl013g_rvt_ss_1p08v_125c
        NOR2X2M                         scmetro_tsmc_cl013g_rvt_ss_1p08v_125c
        NOR2X4M                         scmetro_tsmc_cl013g_rvt_ss_1p08v_125c
        NOR2X5M                         scmetro_tsmc_cl013g_rvt_ss_1p08v_125c
        NOR2X6M                         scmetro_tsmc_cl013g_rvt_ss_1p08v_125c
        NOR2X8M                         scmetro_tsmc_cl013g_rvt_ss_1p08v_125c
        NOR3X2M                         scmetro_tsmc_cl013g_rvt_ss_1p08v_125c
        NOR4X2M                         scmetro_tsmc_cl013g_rvt_ss_1p08v_125c
        OA21X1M                         scmetro_tsmc_cl013g_rvt_ss_1p08v_125c
        OA21X2M                         scmetro_tsmc_cl013g_rvt_ss_1p08v_125c
        OA21X8M                         scmetro_tsmc_cl013g_rvt_ss_1p08v_125c
        OAI2B1X2M                       scmetro_tsmc_cl013g_rvt_ss_1p08v_125c
        OAI2B1X4M                       scmetro_tsmc_cl013g_rvt_ss_1p08v_125c
        OAI2B1X8M                       scmetro_tsmc_cl013g_rvt_ss_1p08v_125c
        OAI2BB1X1M                      scmetro_tsmc_cl013g_rvt_ss_1p08v_125c
        OAI2BB1X2M                      scmetro_tsmc_cl013g_rvt_ss_1p08v_125c
        OAI2BB2X8M                      scmetro_tsmc_cl013g_rvt_ss_1p08v_125c
        OAI21BX8M                       scmetro_tsmc_cl013g_rvt_ss_1p08v_125c
        OAI21X2M                        scmetro_tsmc_cl013g_rvt_ss_1p08v_125c
        OAI21X4M                        scmetro_tsmc_cl013g_rvt_ss_1p08v_125c
        OAI21X6M                        scmetro_tsmc_cl013g_rvt_ss_1p08v_125c
        OAI21X8M                        scmetro_tsmc_cl013g_rvt_ss_1p08v_125c
        OR2X2M                          scmetro_tsmc_cl013g_rvt_ss_1p08v_125c
        OR2X4M                          scmetro_tsmc_cl013g_rvt_ss_1p08v_125c
        OR2X8M                          scmetro_tsmc_cl013g_rvt_ss_1p08v_125c
        OR2X12M                         scmetro_tsmc_cl013g_rvt_ss_1p08v_125c
        OR3X2M                          scmetro_tsmc_cl013g_rvt_ss_1p08v_125c
        XNOR2X1M                        scmetro_tsmc_cl013g_rvt_ss_1p08v_125c
        XNOR2X2M                        scmetro_tsmc_cl013g_rvt_ss_1p08v_125c
        XNOR2X8M                        scmetro_tsmc_cl013g_rvt_ss_1p08v_125c
        XOR2X1M                         scmetro_tsmc_cl013g_rvt_ss_1p08v_125c
        XOR2X2M                         scmetro_tsmc_cl013g_rvt_ss_1p08v_125c
        XOR2X8M                         scmetro_tsmc_cl013g_rvt_ss_1p08v_125c
    Modular_Inverse_DW01_sub_16
        AND2X1M                         scmetro_tsmc_cl013g_rvt_ss_1p08v_125c
        AND2X2M                         scmetro_tsmc_cl013g_rvt_ss_1p08v_125c
        AND2X4M                         scmetro_tsmc_cl013g_rvt_ss_1p08v_125c
        AND2X6M                         scmetro_tsmc_cl013g_rvt_ss_1p08v_125c
        AND2X8M                         scmetro_tsmc_cl013g_rvt_ss_1p08v_125c
        AND2X12M                        scmetro_tsmc_cl013g_rvt_ss_1p08v_125c
        AND3X4M                         scmetro_tsmc_cl013g_rvt_ss_1p08v_125c
        AND3X6M                         scmetro_tsmc_cl013g_rvt_ss_1p08v_125c
        AND3X12M                        scmetro_tsmc_cl013g_rvt_ss_1p08v_125c
        AND4X1M                         scmetro_tsmc_cl013g_rvt_ss_1p08v_125c
        AND4X2M                         scmetro_tsmc_cl013g_rvt_ss_1p08v_125c
        AND4X4M                         scmetro_tsmc_cl013g_rvt_ss_1p08v_125c
        AND4X6M                         scmetro_tsmc_cl013g_rvt_ss_1p08v_125c
        AND4X8M                         scmetro_tsmc_cl013g_rvt_ss_1p08v_125c
        AND4X12M                        scmetro_tsmc_cl013g_rvt_ss_1p08v_125c
        AO21X4M                         scmetro_tsmc_cl013g_rvt_ss_1p08v_125c
        AO21X8M                         scmetro_tsmc_cl013g_rvt_ss_1p08v_125c
        AOI2B1X1M                       scmetro_tsmc_cl013g_rvt_ss_1p08v_125c
        AOI2B1X4M                       scmetro_tsmc_cl013g_rvt_ss_1p08v_125c
        AOI2B1X8M                       scmetro_tsmc_cl013g_rvt_ss_1p08v_125c
        AOI2BB1X8M                      scmetro_tsmc_cl013g_rvt_ss_1p08v_125c
        AOI21BX8M                       scmetro_tsmc_cl013g_rvt_ss_1p08v_125c
        AOI21X4M                        scmetro_tsmc_cl013g_rvt_ss_1p08v_125c
        AOI21X8M                        scmetro_tsmc_cl013g_rvt_ss_1p08v_125c
        BUFX2M                          scmetro_tsmc_cl013g_rvt_ss_1p08v_125c
        BUFX6M                          scmetro_tsmc_cl013g_rvt_ss_1p08v_125c
        BUFX14M                         scmetro_tsmc_cl013g_rvt_ss_1p08v_125c
        BUFX18M                         scmetro_tsmc_cl013g_rvt_ss_1p08v_125c
        BUFX20M                         scmetro_tsmc_cl013g_rvt_ss_1p08v_125c
        BUFX24M                         scmetro_tsmc_cl013g_rvt_ss_1p08v_125c
        BUFX32M                         scmetro_tsmc_cl013g_rvt_ss_1p08v_125c
        CLKAND2X2M                      scmetro_tsmc_cl013g_rvt_ss_1p08v_125c
        CLKAND2X4M                      scmetro_tsmc_cl013g_rvt_ss_1p08v_125c
        CLKAND2X6M                      scmetro_tsmc_cl013g_rvt_ss_1p08v_125c
        CLKAND2X12M                     scmetro_tsmc_cl013g_rvt_ss_1p08v_125c
        CLKAND2X16M                     scmetro_tsmc_cl013g_rvt_ss_1p08v_125c
        CLKBUFX16M                      scmetro_tsmc_cl013g_rvt_ss_1p08v_125c
        CLKINVX1M                       scmetro_tsmc_cl013g_rvt_ss_1p08v_125c
        CLKINVX2M                       scmetro_tsmc_cl013g_rvt_ss_1p08v_125c
        CLKINVX3M                       scmetro_tsmc_cl013g_rvt_ss_1p08v_125c
        CLKINVX4M                       scmetro_tsmc_cl013g_rvt_ss_1p08v_125c
        CLKINVX6M                       scmetro_tsmc_cl013g_rvt_ss_1p08v_125c
        CLKINVX8M                       scmetro_tsmc_cl013g_rvt_ss_1p08v_125c
        CLKINVX12M                      scmetro_tsmc_cl013g_rvt_ss_1p08v_125c
        CLKINVX16M                      scmetro_tsmc_cl013g_rvt_ss_1p08v_125c
        CLKINVX20M                      scmetro_tsmc_cl013g_rvt_ss_1p08v_125c
        CLKINVX24M                      scmetro_tsmc_cl013g_rvt_ss_1p08v_125c
        CLKINVX32M                      scmetro_tsmc_cl013g_rvt_ss_1p08v_125c
        CLKINVX40M                      scmetro_tsmc_cl013g_rvt_ss_1p08v_125c
        CLKNAND2X2M                     scmetro_tsmc_cl013g_rvt_ss_1p08v_125c
        CLKNAND2X4M                     scmetro_tsmc_cl013g_rvt_ss_1p08v_125c
        CLKNAND2X8M                     scmetro_tsmc_cl013g_rvt_ss_1p08v_125c
        CLKNAND2X12M                    scmetro_tsmc_cl013g_rvt_ss_1p08v_125c
        CLKNAND2X16M                    scmetro_tsmc_cl013g_rvt_ss_1p08v_125c
        CLKXOR2X2M                      scmetro_tsmc_cl013g_rvt_ss_1p08v_125c
        INVX1M                          scmetro_tsmc_cl013g_rvt_ss_1p08v_125c
        INVX2M                          scmetro_tsmc_cl013g_rvt_ss_1p08v_125c
        INVX3M                          scmetro_tsmc_cl013g_rvt_ss_1p08v_125c
        INVX4M                          scmetro_tsmc_cl013g_rvt_ss_1p08v_125c
        INVX6M                          scmetro_tsmc_cl013g_rvt_ss_1p08v_125c
        INVX8M                          scmetro_tsmc_cl013g_rvt_ss_1p08v_125c
        INVX10M                         scmetro_tsmc_cl013g_rvt_ss_1p08v_125c
        INVX12M                         scmetro_tsmc_cl013g_rvt_ss_1p08v_125c
        INVX16M                         scmetro_tsmc_cl013g_rvt_ss_1p08v_125c
        INVX20M                         scmetro_tsmc_cl013g_rvt_ss_1p08v_125c
        INVX24M                         scmetro_tsmc_cl013g_rvt_ss_1p08v_125c
        INVXLM                          scmetro_tsmc_cl013g_rvt_ss_1p08v_125c
        MXI2X8M                         scmetro_tsmc_cl013g_rvt_ss_1p08v_125c
        NAND2BX1M                       scmetro_tsmc_cl013g_rvt_ss_1p08v_125c
        NAND2BX2M                       scmetro_tsmc_cl013g_rvt_ss_1p08v_125c
        NAND2BX4M                       scmetro_tsmc_cl013g_rvt_ss_1p08v_125c
        NAND2BX8M                       scmetro_tsmc_cl013g_rvt_ss_1p08v_125c
        NAND2BX12M                      scmetro_tsmc_cl013g_rvt_ss_1p08v_125c
        NAND2BXLM                       scmetro_tsmc_cl013g_rvt_ss_1p08v_125c
        NAND2X1M                        scmetro_tsmc_cl013g_rvt_ss_1p08v_125c
        NAND2X2M                        scmetro_tsmc_cl013g_rvt_ss_1p08v_125c
        NAND2X3M                        scmetro_tsmc_cl013g_rvt_ss_1p08v_125c
        NAND2X4M                        scmetro_tsmc_cl013g_rvt_ss_1p08v_125c
        NAND2X5M                        scmetro_tsmc_cl013g_rvt_ss_1p08v_125c
        NAND2X6M                        scmetro_tsmc_cl013g_rvt_ss_1p08v_125c
        NAND2X8M                        scmetro_tsmc_cl013g_rvt_ss_1p08v_125c
        NAND2X12M                       scmetro_tsmc_cl013g_rvt_ss_1p08v_125c
        NAND2XLM                        scmetro_tsmc_cl013g_rvt_ss_1p08v_125c
        NAND3BX2M                       scmetro_tsmc_cl013g_rvt_ss_1p08v_125c
        NAND3BX4M                       scmetro_tsmc_cl013g_rvt_ss_1p08v_125c
        NAND3X2M                        scmetro_tsmc_cl013g_rvt_ss_1p08v_125c
        NAND3X3M                        scmetro_tsmc_cl013g_rvt_ss_1p08v_125c
        NAND3X4M                        scmetro_tsmc_cl013g_rvt_ss_1p08v_125c
        NAND3X6M                        scmetro_tsmc_cl013g_rvt_ss_1p08v_125c
        NAND3X12M                       scmetro_tsmc_cl013g_rvt_ss_1p08v_125c
        NAND4X2M                        scmetro_tsmc_cl013g_rvt_ss_1p08v_125c
        NAND4X4M                        scmetro_tsmc_cl013g_rvt_ss_1p08v_125c
        NAND4X6M                        scmetro_tsmc_cl013g_rvt_ss_1p08v_125c
        NAND4X8M                        scmetro_tsmc_cl013g_rvt_ss_1p08v_125c
        NAND4X12M                       scmetro_tsmc_cl013g_rvt_ss_1p08v_125c
        NOR2BX1M                        scmetro_tsmc_cl013g_rvt_ss_1p08v_125c
        NOR2BX2M                        scmetro_tsmc_cl013g_rvt_ss_1p08v_125c
        NOR2BX8M                        scmetro_tsmc_cl013g_rvt_ss_1p08v_125c
        NOR2BX12M                       scmetro_tsmc_cl013g_rvt_ss_1p08v_125c
        NOR2X1M                         scmetro_tsmc_cl013g_rvt_ss_1p08v_125c
        NOR2X2M                         scmetro_tsmc_cl013g_rvt_ss_1p08v_125c
        NOR2X3M                         scmetro_tsmc_cl013g_rvt_ss_1p08v_125c
        NOR2X4M                         scmetro_tsmc_cl013g_rvt_ss_1p08v_125c
        NOR2X6M                         scmetro_tsmc_cl013g_rvt_ss_1p08v_125c
        NOR2X8M                         scmetro_tsmc_cl013g_rvt_ss_1p08v_125c
        NOR2X12M                        scmetro_tsmc_cl013g_rvt_ss_1p08v_125c
        NOR3X12M                        scmetro_tsmc_cl013g_rvt_ss_1p08v_125c
        NOR4X12M                        scmetro_tsmc_cl013g_rvt_ss_1p08v_125c
        OA21X8M                         scmetro_tsmc_cl013g_rvt_ss_1p08v_125c
        OAI2BB1X1M                      scmetro_tsmc_cl013g_rvt_ss_1p08v_125c
        OAI2BB1X2M                      scmetro_tsmc_cl013g_rvt_ss_1p08v_125c
        OAI2BB1X4M                      scmetro_tsmc_cl013g_rvt_ss_1p08v_125c
        OAI21BX8M                       scmetro_tsmc_cl013g_rvt_ss_1p08v_125c
        OAI21X2M                        scmetro_tsmc_cl013g_rvt_ss_1p08v_125c
        OAI21X8M                        scmetro_tsmc_cl013g_rvt_ss_1p08v_125c
        OAI211X4M                       scmetro_tsmc_cl013g_rvt_ss_1p08v_125c
        OAI211X8M                       scmetro_tsmc_cl013g_rvt_ss_1p08v_125c
        OR2X1M                          scmetro_tsmc_cl013g_rvt_ss_1p08v_125c
        OR2X2M                          scmetro_tsmc_cl013g_rvt_ss_1p08v_125c
        OR2X4M                          scmetro_tsmc_cl013g_rvt_ss_1p08v_125c
        OR2X6M                          scmetro_tsmc_cl013g_rvt_ss_1p08v_125c
        OR2X8M                          scmetro_tsmc_cl013g_rvt_ss_1p08v_125c
        OR2X12M                         scmetro_tsmc_cl013g_rvt_ss_1p08v_125c
        OR3X8M                          scmetro_tsmc_cl013g_rvt_ss_1p08v_125c
        OR3X12M                         scmetro_tsmc_cl013g_rvt_ss_1p08v_125c
        OR4X12M                         scmetro_tsmc_cl013g_rvt_ss_1p08v_125c
        XNOR2X1M                        scmetro_tsmc_cl013g_rvt_ss_1p08v_125c
        XNOR2X2M                        scmetro_tsmc_cl013g_rvt_ss_1p08v_125c
        XNOR2X4M                        scmetro_tsmc_cl013g_rvt_ss_1p08v_125c
        XNOR2X8M                        scmetro_tsmc_cl013g_rvt_ss_1p08v_125c
        XOR2X1M                         scmetro_tsmc_cl013g_rvt_ss_1p08v_125c
        XOR2X2M                         scmetro_tsmc_cl013g_rvt_ss_1p08v_125c
        XOR2X4M                         scmetro_tsmc_cl013g_rvt_ss_1p08v_125c
        XOR2X8M                         scmetro_tsmc_cl013g_rvt_ss_1p08v_125c
    Modular_Inverse_DW01_sub_17
        AND2X1M                         scmetro_tsmc_cl013g_rvt_ss_1p08v_125c
        AND2X2M                         scmetro_tsmc_cl013g_rvt_ss_1p08v_125c
        AND2X4M                         scmetro_tsmc_cl013g_rvt_ss_1p08v_125c
        AND2X6M                         scmetro_tsmc_cl013g_rvt_ss_1p08v_125c
        AND2X8M                         scmetro_tsmc_cl013g_rvt_ss_1p08v_125c
        AND2X12M                        scmetro_tsmc_cl013g_rvt_ss_1p08v_125c
        AND3X2M                         scmetro_tsmc_cl013g_rvt_ss_1p08v_125c
        AND3X4M                         scmetro_tsmc_cl013g_rvt_ss_1p08v_125c
        AND3X6M                         scmetro_tsmc_cl013g_rvt_ss_1p08v_125c
        AND3X12M                        scmetro_tsmc_cl013g_rvt_ss_1p08v_125c
        AND4X1M                         scmetro_tsmc_cl013g_rvt_ss_1p08v_125c
        AND4X2M                         scmetro_tsmc_cl013g_rvt_ss_1p08v_125c
        AND4X4M                         scmetro_tsmc_cl013g_rvt_ss_1p08v_125c
        AND4X6M                         scmetro_tsmc_cl013g_rvt_ss_1p08v_125c
        AND4X8M                         scmetro_tsmc_cl013g_rvt_ss_1p08v_125c
        AND4X12M                        scmetro_tsmc_cl013g_rvt_ss_1p08v_125c
        AO21X2M                         scmetro_tsmc_cl013g_rvt_ss_1p08v_125c
        AO21X4M                         scmetro_tsmc_cl013g_rvt_ss_1p08v_125c
        AO21X8M                         scmetro_tsmc_cl013g_rvt_ss_1p08v_125c
        AO21XLM                         scmetro_tsmc_cl013g_rvt_ss_1p08v_125c
        AOI2B1X1M                       scmetro_tsmc_cl013g_rvt_ss_1p08v_125c
        AOI2B1X2M                       scmetro_tsmc_cl013g_rvt_ss_1p08v_125c
        AOI2B1X4M                       scmetro_tsmc_cl013g_rvt_ss_1p08v_125c
        AOI2B1X8M                       scmetro_tsmc_cl013g_rvt_ss_1p08v_125c
        AOI2BB1X8M                      scmetro_tsmc_cl013g_rvt_ss_1p08v_125c
        AOI21BX4M                       scmetro_tsmc_cl013g_rvt_ss_1p08v_125c
        AOI21BX8M                       scmetro_tsmc_cl013g_rvt_ss_1p08v_125c
        BUFX2M                          scmetro_tsmc_cl013g_rvt_ss_1p08v_125c
        BUFX3M                          scmetro_tsmc_cl013g_rvt_ss_1p08v_125c
        BUFX10M                         scmetro_tsmc_cl013g_rvt_ss_1p08v_125c
        BUFX14M                         scmetro_tsmc_cl013g_rvt_ss_1p08v_125c
        BUFX16M                         scmetro_tsmc_cl013g_rvt_ss_1p08v_125c
        BUFX32M                         scmetro_tsmc_cl013g_rvt_ss_1p08v_125c
        CLKAND2X2M                      scmetro_tsmc_cl013g_rvt_ss_1p08v_125c
        CLKAND2X3M                      scmetro_tsmc_cl013g_rvt_ss_1p08v_125c
        CLKAND2X4M                      scmetro_tsmc_cl013g_rvt_ss_1p08v_125c
        CLKAND2X6M                      scmetro_tsmc_cl013g_rvt_ss_1p08v_125c
        CLKAND2X12M                     scmetro_tsmc_cl013g_rvt_ss_1p08v_125c
        CLKAND2X16M                     scmetro_tsmc_cl013g_rvt_ss_1p08v_125c
        CLKINVX1M                       scmetro_tsmc_cl013g_rvt_ss_1p08v_125c
        CLKINVX2M                       scmetro_tsmc_cl013g_rvt_ss_1p08v_125c
        CLKINVX4M                       scmetro_tsmc_cl013g_rvt_ss_1p08v_125c
        CLKINVX6M                       scmetro_tsmc_cl013g_rvt_ss_1p08v_125c
        CLKINVX8M                       scmetro_tsmc_cl013g_rvt_ss_1p08v_125c
        CLKINVX12M                      scmetro_tsmc_cl013g_rvt_ss_1p08v_125c
        CLKINVX16M                      scmetro_tsmc_cl013g_rvt_ss_1p08v_125c
        CLKINVX24M                      scmetro_tsmc_cl013g_rvt_ss_1p08v_125c
        CLKINVX32M                      scmetro_tsmc_cl013g_rvt_ss_1p08v_125c
        CLKINVX40M                      scmetro_tsmc_cl013g_rvt_ss_1p08v_125c
        CLKNAND2X2M                     scmetro_tsmc_cl013g_rvt_ss_1p08v_125c
        CLKNAND2X4M                     scmetro_tsmc_cl013g_rvt_ss_1p08v_125c
        CLKNAND2X8M                     scmetro_tsmc_cl013g_rvt_ss_1p08v_125c
        CLKNAND2X12M                    scmetro_tsmc_cl013g_rvt_ss_1p08v_125c
        CLKNAND2X16M                    scmetro_tsmc_cl013g_rvt_ss_1p08v_125c
        CLKXOR2X2M                      scmetro_tsmc_cl013g_rvt_ss_1p08v_125c
        CLKXOR2X8M                      scmetro_tsmc_cl013g_rvt_ss_1p08v_125c
        CLKXOR2X16M                     scmetro_tsmc_cl013g_rvt_ss_1p08v_125c
        INVX1M                          scmetro_tsmc_cl013g_rvt_ss_1p08v_125c
        INVX2M                          scmetro_tsmc_cl013g_rvt_ss_1p08v_125c
        INVX3M                          scmetro_tsmc_cl013g_rvt_ss_1p08v_125c
        INVX4M                          scmetro_tsmc_cl013g_rvt_ss_1p08v_125c
        INVX5M                          scmetro_tsmc_cl013g_rvt_ss_1p08v_125c
        INVX6M                          scmetro_tsmc_cl013g_rvt_ss_1p08v_125c
        INVX8M                          scmetro_tsmc_cl013g_rvt_ss_1p08v_125c
        INVX10M                         scmetro_tsmc_cl013g_rvt_ss_1p08v_125c
        INVX12M                         scmetro_tsmc_cl013g_rvt_ss_1p08v_125c
        INVX14M                         scmetro_tsmc_cl013g_rvt_ss_1p08v_125c
        INVX16M                         scmetro_tsmc_cl013g_rvt_ss_1p08v_125c
        INVX18M                         scmetro_tsmc_cl013g_rvt_ss_1p08v_125c
        INVX20M                         scmetro_tsmc_cl013g_rvt_ss_1p08v_125c
        INVX24M                         scmetro_tsmc_cl013g_rvt_ss_1p08v_125c
        INVXLM                          scmetro_tsmc_cl013g_rvt_ss_1p08v_125c
        MXI2X8M                         scmetro_tsmc_cl013g_rvt_ss_1p08v_125c
        NAND2BX1M                       scmetro_tsmc_cl013g_rvt_ss_1p08v_125c
        NAND2BX2M                       scmetro_tsmc_cl013g_rvt_ss_1p08v_125c
        NAND2BX4M                       scmetro_tsmc_cl013g_rvt_ss_1p08v_125c
        NAND2BX8M                       scmetro_tsmc_cl013g_rvt_ss_1p08v_125c
        NAND2BX12M                      scmetro_tsmc_cl013g_rvt_ss_1p08v_125c
        NAND2X1M                        scmetro_tsmc_cl013g_rvt_ss_1p08v_125c
        NAND2X2M                        scmetro_tsmc_cl013g_rvt_ss_1p08v_125c
        NAND2X3M                        scmetro_tsmc_cl013g_rvt_ss_1p08v_125c
        NAND2X4M                        scmetro_tsmc_cl013g_rvt_ss_1p08v_125c
        NAND2X5M                        scmetro_tsmc_cl013g_rvt_ss_1p08v_125c
        NAND2X6M                        scmetro_tsmc_cl013g_rvt_ss_1p08v_125c
        NAND2X8M                        scmetro_tsmc_cl013g_rvt_ss_1p08v_125c
        NAND2X12M                       scmetro_tsmc_cl013g_rvt_ss_1p08v_125c
        NAND2XLM                        scmetro_tsmc_cl013g_rvt_ss_1p08v_125c
        NAND3BX2M                       scmetro_tsmc_cl013g_rvt_ss_1p08v_125c
        NAND3X2M                        scmetro_tsmc_cl013g_rvt_ss_1p08v_125c
        NAND3X3M                        scmetro_tsmc_cl013g_rvt_ss_1p08v_125c
        NAND3X4M                        scmetro_tsmc_cl013g_rvt_ss_1p08v_125c
        NAND3X6M                        scmetro_tsmc_cl013g_rvt_ss_1p08v_125c
        NAND3X8M                        scmetro_tsmc_cl013g_rvt_ss_1p08v_125c
        NAND3X12M                       scmetro_tsmc_cl013g_rvt_ss_1p08v_125c
        NAND4X2M                        scmetro_tsmc_cl013g_rvt_ss_1p08v_125c
        NAND4X4M                        scmetro_tsmc_cl013g_rvt_ss_1p08v_125c
        NAND4X6M                        scmetro_tsmc_cl013g_rvt_ss_1p08v_125c
        NAND4X8M                        scmetro_tsmc_cl013g_rvt_ss_1p08v_125c
        NAND4X12M                       scmetro_tsmc_cl013g_rvt_ss_1p08v_125c
        NOR2BX1M                        scmetro_tsmc_cl013g_rvt_ss_1p08v_125c
        NOR2BX2M                        scmetro_tsmc_cl013g_rvt_ss_1p08v_125c
        NOR2BX4M                        scmetro_tsmc_cl013g_rvt_ss_1p08v_125c
        NOR2BX8M                        scmetro_tsmc_cl013g_rvt_ss_1p08v_125c
        NOR2BX12M                       scmetro_tsmc_cl013g_rvt_ss_1p08v_125c
        NOR2X1M                         scmetro_tsmc_cl013g_rvt_ss_1p08v_125c
        NOR2X2M                         scmetro_tsmc_cl013g_rvt_ss_1p08v_125c
        NOR2X4M                         scmetro_tsmc_cl013g_rvt_ss_1p08v_125c
        NOR2X5M                         scmetro_tsmc_cl013g_rvt_ss_1p08v_125c
        NOR2X6M                         scmetro_tsmc_cl013g_rvt_ss_1p08v_125c
        NOR2X8M                         scmetro_tsmc_cl013g_rvt_ss_1p08v_125c
        NOR2X12M                        scmetro_tsmc_cl013g_rvt_ss_1p08v_125c
        OA21X1M                         scmetro_tsmc_cl013g_rvt_ss_1p08v_125c
        OA21X4M                         scmetro_tsmc_cl013g_rvt_ss_1p08v_125c
        OA21X8M                         scmetro_tsmc_cl013g_rvt_ss_1p08v_125c
        OAI2B11X4M                      scmetro_tsmc_cl013g_rvt_ss_1p08v_125c
        OAI2BB1X1M                      scmetro_tsmc_cl013g_rvt_ss_1p08v_125c
        OAI2BB1X2M                      scmetro_tsmc_cl013g_rvt_ss_1p08v_125c
        OAI2BB1X4M                      scmetro_tsmc_cl013g_rvt_ss_1p08v_125c
        OAI21X2M                        scmetro_tsmc_cl013g_rvt_ss_1p08v_125c
        OAI21X4M                        scmetro_tsmc_cl013g_rvt_ss_1p08v_125c
        OAI21X6M                        scmetro_tsmc_cl013g_rvt_ss_1p08v_125c
        OAI21X8M                        scmetro_tsmc_cl013g_rvt_ss_1p08v_125c
        OAI211X4M                       scmetro_tsmc_cl013g_rvt_ss_1p08v_125c
        OAI211X8M                       scmetro_tsmc_cl013g_rvt_ss_1p08v_125c
        OR2X1M                          scmetro_tsmc_cl013g_rvt_ss_1p08v_125c
        OR2X2M                          scmetro_tsmc_cl013g_rvt_ss_1p08v_125c
        OR2X4M                          scmetro_tsmc_cl013g_rvt_ss_1p08v_125c
        OR2X6M                          scmetro_tsmc_cl013g_rvt_ss_1p08v_125c
        OR2X8M                          scmetro_tsmc_cl013g_rvt_ss_1p08v_125c
        OR2X12M                         scmetro_tsmc_cl013g_rvt_ss_1p08v_125c
        OR3X12M                         scmetro_tsmc_cl013g_rvt_ss_1p08v_125c
        XNOR2X1M                        scmetro_tsmc_cl013g_rvt_ss_1p08v_125c
        XNOR2X2M                        scmetro_tsmc_cl013g_rvt_ss_1p08v_125c
        XNOR2X4M                        scmetro_tsmc_cl013g_rvt_ss_1p08v_125c
        XNOR2X8M                        scmetro_tsmc_cl013g_rvt_ss_1p08v_125c
        XOR2X1M                         scmetro_tsmc_cl013g_rvt_ss_1p08v_125c
        XOR2X2M                         scmetro_tsmc_cl013g_rvt_ss_1p08v_125c
        XOR2X4M                         scmetro_tsmc_cl013g_rvt_ss_1p08v_125c
        XOR2X8M                         scmetro_tsmc_cl013g_rvt_ss_1p08v_125c
    NAND2BX1M                           scmetro_tsmc_cl013g_rvt_ss_1p08v_125c
    NAND2BX2M                           scmetro_tsmc_cl013g_rvt_ss_1p08v_125c
    NAND2BX4M                           scmetro_tsmc_cl013g_rvt_ss_1p08v_125c
    NAND2BX8M                           scmetro_tsmc_cl013g_rvt_ss_1p08v_125c
    NAND2BX12M                          scmetro_tsmc_cl013g_rvt_ss_1p08v_125c
    NAND2BXLM                           scmetro_tsmc_cl013g_rvt_ss_1p08v_125c
    NAND2X1M                            scmetro_tsmc_cl013g_rvt_ss_1p08v_125c
    NAND2X2M                            scmetro_tsmc_cl013g_rvt_ss_1p08v_125c
    NAND2X3M                            scmetro_tsmc_cl013g_rvt_ss_1p08v_125c
    NAND2X4M                            scmetro_tsmc_cl013g_rvt_ss_1p08v_125c
    NAND2X5M                            scmetro_tsmc_cl013g_rvt_ss_1p08v_125c
    NAND2X6M                            scmetro_tsmc_cl013g_rvt_ss_1p08v_125c
    NAND2X8M                            scmetro_tsmc_cl013g_rvt_ss_1p08v_125c
    NAND2X12M                           scmetro_tsmc_cl013g_rvt_ss_1p08v_125c
    NAND2XLM                            scmetro_tsmc_cl013g_rvt_ss_1p08v_125c
    NAND3BX1M                           scmetro_tsmc_cl013g_rvt_ss_1p08v_125c
    NAND3X2M                            scmetro_tsmc_cl013g_rvt_ss_1p08v_125c
    NAND3X4M                            scmetro_tsmc_cl013g_rvt_ss_1p08v_125c
    NAND3X6M                            scmetro_tsmc_cl013g_rvt_ss_1p08v_125c
    NAND3X12M                           scmetro_tsmc_cl013g_rvt_ss_1p08v_125c
    NAND4X2M                            scmetro_tsmc_cl013g_rvt_ss_1p08v_125c
    NAND4X4M                            scmetro_tsmc_cl013g_rvt_ss_1p08v_125c
    NOR2BX12M                           scmetro_tsmc_cl013g_rvt_ss_1p08v_125c
    NOR2X1M                             scmetro_tsmc_cl013g_rvt_ss_1p08v_125c
    NOR2X2M                             scmetro_tsmc_cl013g_rvt_ss_1p08v_125c
    NOR2X4M                             scmetro_tsmc_cl013g_rvt_ss_1p08v_125c
    NOR2X6M                             scmetro_tsmc_cl013g_rvt_ss_1p08v_125c
    NOR3X2M                             scmetro_tsmc_cl013g_rvt_ss_1p08v_125c
    NOR3X4M                             scmetro_tsmc_cl013g_rvt_ss_1p08v_125c
    NOR3X6M                             scmetro_tsmc_cl013g_rvt_ss_1p08v_125c
    NOR3X8M                             scmetro_tsmc_cl013g_rvt_ss_1p08v_125c
    NOR3X12M                            scmetro_tsmc_cl013g_rvt_ss_1p08v_125c
    NOR4BBX2M                           scmetro_tsmc_cl013g_rvt_ss_1p08v_125c
    NOR4X2M                             scmetro_tsmc_cl013g_rvt_ss_1p08v_125c
    OA22X2M                             scmetro_tsmc_cl013g_rvt_ss_1p08v_125c
    OAI2B11X1M                          scmetro_tsmc_cl013g_rvt_ss_1p08v_125c
    OAI2BB1X2M                          scmetro_tsmc_cl013g_rvt_ss_1p08v_125c
    OAI21X2M                            scmetro_tsmc_cl013g_rvt_ss_1p08v_125c
    OAI22X1M                            scmetro_tsmc_cl013g_rvt_ss_1p08v_125c
    OAI31X4M                            scmetro_tsmc_cl013g_rvt_ss_1p08v_125c
    OAI211X2M                           scmetro_tsmc_cl013g_rvt_ss_1p08v_125c
    OAI221X1M                           scmetro_tsmc_cl013g_rvt_ss_1p08v_125c
    OAI221X2M                           scmetro_tsmc_cl013g_rvt_ss_1p08v_125c
    OAI221X4M                           scmetro_tsmc_cl013g_rvt_ss_1p08v_125c
    OAI222X1M                           scmetro_tsmc_cl013g_rvt_ss_1p08v_125c
    OR2X1M                              scmetro_tsmc_cl013g_rvt_ss_1p08v_125c
    OR2X2M                              scmetro_tsmc_cl013g_rvt_ss_1p08v_125c
    OR2X4M                              scmetro_tsmc_cl013g_rvt_ss_1p08v_125c
    OR2X8M                              scmetro_tsmc_cl013g_rvt_ss_1p08v_125c
    OR2X12M                             scmetro_tsmc_cl013g_rvt_ss_1p08v_125c
    OR3X1M                              scmetro_tsmc_cl013g_rvt_ss_1p08v_125c
    OR3X4M                              scmetro_tsmc_cl013g_rvt_ss_1p08v_125c
1
